Archive member included to satisfy reference by file (symbol)

D:\4_kurs_sem1\CyberPhysics\practices\1\TrafficLight\build\core\core.a(HardwareSerial.cpp.o)
                              D:\4_kurs_sem1\CyberPhysics\practices\1\TrafficLight\build\sketch\TrafficLight.ino.cpp.o (symbol from plugin) (Serial2)
D:\4_kurs_sem1\CyberPhysics\practices\1\TrafficLight\build\core\core.a(Print.cpp.o)
                              D:\4_kurs_sem1\CyberPhysics\practices\1\TrafficLight\build\libraries\Adafruit_GFX_Library\Adafruit_GFX.cpp.o (symbol from plugin) (Print::write(unsigned char const*, unsigned int))
D:\4_kurs_sem1\CyberPhysics\practices\1\TrafficLight\build\core\core.a(Stream.cpp.o)
                              D:\4_kurs_sem1\CyberPhysics\practices\1\TrafficLight\build\libraries\Wire\Wire.cpp.o (symbol from plugin) (Stream::readBytes(char*, unsigned int))
D:\4_kurs_sem1\CyberPhysics\practices\1\TrafficLight\build\core\core.a(WString.cpp.o)
                              Stream.cpp.o (symbol from plugin) (String::String(char const*))
D:\4_kurs_sem1\CyberPhysics\practices\1\TrafficLight\build\core\core.a(dtostrf.c.o)
                              WString.cpp.o (symbol from plugin) (dtostrf)
D:\4_kurs_sem1\CyberPhysics\practices\1\TrafficLight\build\core\core.a(itoa.c.o)
                              WString.cpp.o (symbol from plugin) (ltoa)
D:\4_kurs_sem1\CyberPhysics\practices\1\TrafficLight\build\core\core.a(main.cpp.o)
                              C:/Users/danst/AppData/Local/Arduino15/packages/STMicroelectronics/tools/xpack-arm-none-eabi-gcc/14.2.1-1.1/bin/../lib/gcc/arm-none-eabi/14.2.1/../../../../arm-none-eabi/lib/thumb/v6-m/nofp/crt0.o (main)
D:\4_kurs_sem1\CyberPhysics\practices\1\TrafficLight\build\core\core.a(pins_arduino.c.o)
                              D:\4_kurs_sem1\CyberPhysics\practices\1\TrafficLight\build\libraries\Wire\Wire.cpp.o (symbol from plugin) (pinNametoDigitalPin)
D:\4_kurs_sem1\CyberPhysics\practices\1\TrafficLight\build\core\core.a(startup_stm32yyxx.S.o)
                              (Reset_Handler)
D:\4_kurs_sem1\CyberPhysics\practices\1\TrafficLight\build\core\core.a(wiring_digital.c.o)
                              D:\4_kurs_sem1\CyberPhysics\practices\1\TrafficLight\build\sketch\src\LED.cpp.o (symbol from plugin) (pinMode)
D:\4_kurs_sem1\CyberPhysics\practices\1\TrafficLight\build\core\core.a(wiring_time.c.o)
                              Stream.cpp.o (symbol from plugin) (millis)
D:\4_kurs_sem1\CyberPhysics\practices\1\TrafficLight\build\core\core.a(WSerial.cpp.o)
                              main.cpp.o (symbol from plugin) (serialEventRun())
D:\4_kurs_sem1\CyberPhysics\practices\1\TrafficLight\build\core\core.a(board.c.o)
                              main.cpp.o (symbol from plugin) (init)
D:\4_kurs_sem1\CyberPhysics\practices\1\TrafficLight\build\core\core.a(hooks.c.o)
                              wiring_time.c.o (symbol from plugin) (yield)
D:\4_kurs_sem1\CyberPhysics\practices\1\TrafficLight\build\core\core.a(wiring_analog.c.o)
                              wiring_digital.c.o (symbol from plugin) (g_anOutputPinConfigured)
C:/Users/danst/AppData/Local/Arduino15/packages/STMicroelectronics/tools/xpack-arm-none-eabi-gcc/14.2.1-1.1/bin/../lib/gcc/arm-none-eabi/14.2.1/../../../../arm-none-eabi/lib/thumb/v6-m/nofp\libc_nano.a(libc_a-atexit.o)
                              C:/Users/danst/AppData/Local/Arduino15/packages/STMicroelectronics/tools/xpack-arm-none-eabi-gcc/14.2.1-1.1/bin/../lib/gcc/arm-none-eabi/14.2.1/../../../../arm-none-eabi/lib/thumb/v6-m/nofp/crt0.o (atexit)
C:/Users/danst/AppData/Local/Arduino15/packages/STMicroelectronics/tools/xpack-arm-none-eabi-gcc/14.2.1-1.1/bin/../lib/gcc/arm-none-eabi/14.2.1/../../../../arm-none-eabi/lib/thumb/v6-m/nofp\libc_nano.a(libc_a-atof.o)
                              WString.cpp.o (symbol from plugin) (atof)
C:/Users/danst/AppData/Local/Arduino15/packages/STMicroelectronics/tools/xpack-arm-none-eabi-gcc/14.2.1-1.1/bin/../lib/gcc/arm-none-eabi/14.2.1/../../../../arm-none-eabi/lib/thumb/v6-m/nofp\libc_nano.a(libc_a-atol.o)
                              WString.cpp.o (symbol from plugin) (atol)
C:/Users/danst/AppData/Local/Arduino15/packages/STMicroelectronics/tools/xpack-arm-none-eabi-gcc/14.2.1-1.1/bin/../lib/gcc/arm-none-eabi/14.2.1/../../../../arm-none-eabi/lib/thumb/v6-m/nofp\libc_nano.a(libc_a-exit.o)
                              C:/Users/danst/AppData/Local/Arduino15/packages/STMicroelectronics/tools/xpack-arm-none-eabi-gcc/14.2.1-1.1/bin/../lib/gcc/arm-none-eabi/14.2.1/../../../../arm-none-eabi/lib/thumb/v6-m/nofp/crt0.o (exit)
C:/Users/danst/AppData/Local/Arduino15/packages/STMicroelectronics/tools/xpack-arm-none-eabi-gcc/14.2.1-1.1/bin/../lib/gcc/arm-none-eabi/14.2.1/../../../../arm-none-eabi/lib/thumb/v6-m/nofp\libc_nano.a(libc_a-strtod.o)
[...]
Memory Configuration

Name             Origin             Length             Attributes
*default*        0x00000000         0xffffffff
RAM              0x20000000         0x00003000         xrw
FLASH            0x08000000         0x00008000         xr

Linker script and memory map

START GROUP
LOAD D:\4_kurs_sem1\CyberPhysics\practices\1\TrafficLight\build\sketch\TrafficLight.ino.cpp.o
LOAD C:\Users\danst\AppData\Local\Temp\cceewbMx.ltrans0.ltrans.o
LOAD D:\4_kurs_sem1\CyberPhysics\practices\1\TrafficLight\build\sketch\requiredLibraries.cpp.o
LOAD D:\4_kurs_sem1\CyberPhysics\practices\1\TrafficLight\build\sketch\src\CarsController.cpp.o
LOAD D:\4_kurs_sem1\CyberPhysics\practices\1\TrafficLight\build\sketch\src\Dispatcher.cpp.o
LOAD D:\4_kurs_sem1\CyberPhysics\practices\1\TrafficLight\build\sketch\src\LED.cpp.o
LOAD D:\4_kurs_sem1\CyberPhysics\practices\1\TrafficLight\build\sketch\src\ZebraController.cpp.o
LOAD D:\4_kurs_sem1\CyberPhysics\practices\1\TrafficLight\build\libraries\SPI\SPI.cpp.o
LOAD D:\4_kurs_sem1\CyberPhysics\practices\1\TrafficLight\build\libraries\SPI\utility\spi_com.c.o
LOAD D:\4_kurs_sem1\CyberPhysics\practices\1\TrafficLight\build\libraries\Adafruit_GFX_Library\Adafruit_GFX.cpp.o
LOAD D:\4_kurs_sem1\CyberPhysics\practices\1\TrafficLight\build\libraries\Adafruit_GFX_Library\Adafruit_GrayOLED.cpp.o
LOAD D:\4_kurs_sem1\CyberPhysics\practices\1\TrafficLight\build\libraries\Adafruit_GFX_Library\Adafruit_SPITFT.cpp.o
LOAD D:\4_kurs_sem1\CyberPhysics\practices\1\TrafficLight\build\libraries\Adafruit_GFX_Library\glcdfont.c.o
LOAD D:\4_kurs_sem1\CyberPhysics\practices\1\TrafficLight\build\libraries\Adafruit_BusIO\Adafruit_BusIO_Register.cpp.o
LOAD D:\4_kurs_sem1\CyberPhysics\practices\1\TrafficLight\build\libraries\Adafruit_BusIO\Adafruit_GenericDevice.cpp.o
LOAD D:\4_kurs_sem1\CyberPhysics\practices\1\TrafficLight\build\libraries\Adafruit_BusIO\Adafruit_I2CDevice.cpp.o
LOAD D:\4_kurs_sem1\CyberPhysics\practices\1\TrafficLight\build\libraries\Adafruit_BusIO\Adafruit_SPIDevice.cpp.o
LOAD D:\4_kurs_sem1\CyberPhysics\practices\1\TrafficLight\build\libraries\Wire\Wire.cpp.o
LOAD D:\4_kurs_sem1\CyberPhysics\practices\1\TrafficLight\build\libraries\Wire\utility\twi.c.o
LOAD D:\4_kurs_sem1\CyberPhysics\practices\1\TrafficLight\build\libraries\Adafruit_ILI9341\Adafruit_ILI9341.cpp.o
LOAD D:\4_kurs_sem1\CyberPhysics\practices\1\TrafficLight\build\libraries\SrcWrapper\HAL\stm32yyxx_hal.c.o
LOAD D:\4_kurs_sem1\CyberPhysics\practices\1\TrafficLight\build\libraries\SrcWrapper\HAL\stm32yyxx_hal_adc.c.o
LOAD D:\4_kurs_sem1\CyberPhysics\practices\1\TrafficLight\build\libraries\SrcWrapper\HAL\stm32yyxx_hal_adc_ex.c.o
LOAD D:\4_kurs_sem1\CyberPhysics\practices\1\TrafficLight\build\libraries\SrcWrapper\HAL\stm32yyxx_hal_can.c.o
LOAD D:\4_kurs_sem1\CyberPhysics\practices\1\TrafficLight\build\libraries\SrcWrapper\HAL\stm32yyxx_hal_ccb.c.o
LOAD D:\4_kurs_sem1\CyberPhysics\practices\1\TrafficLight\build\libraries\SrcWrapper\HAL\stm32yyxx_hal_cec.c.o
LOAD D:\4_kurs_sem1\CyberPhysics\practices\1\TrafficLight\build\libraries\SrcWrapper\HAL\stm32yyxx_hal_comp.c.o
LOAD D:\4_kurs_sem1\CyberPhysics\practices\1\TrafficLight\build\libraries\SrcWrapper\HAL\stm32yyxx_hal_comp_ex.c.o
LOAD D:\4_kurs_sem1\CyberPhysics\practices\1\TrafficLight\build\libraries\SrcWrapper\HAL\stm32yyxx_hal_cordic.c.o
LOAD D:\4_kurs_sem1\CyberPhysics\practices\1\TrafficLight\build\libraries\SrcWrapper\HAL\stm32yyxx_hal_cortex.c.o
LOAD D:\4_kurs_sem1\CyberPhysics\practices\1\TrafficLight\build\libraries\SrcWrapper\HAL\stm32yyxx_hal_crc.c.o
LOAD D:\4_kurs_sem1\CyberPhysics\practices\1\TrafficLight\build\libraries\SrcWrapper\HAL\stm32yyxx_hal_crc_ex.c.o
LOAD D:\4_kurs_sem1\CyberPhysics\practices\1\TrafficLight\build\libraries\SrcWrapper\HAL\stm32yyxx_hal_cryp.c.o
LOAD D:\4_kurs_sem1\CyberPhysics\practices\1\TrafficLight\build\libraries\SrcWrapper\HAL\stm32yyxx_hal_cryp_ex.c.o
LOAD D:\4_kurs_sem1\CyberPhysics\practices\1\TrafficLight\build\libraries\SrcWrapper\HAL\stm32yyxx_hal_dac.c.o
LOAD D:\4_kurs_sem1\CyberPhysics\practices\1\TrafficLight\build\libraries\SrcWrapper\HAL\stm32yyxx_hal_dac_ex.c.o
LOAD D:\4_kurs_sem1\CyberPhysics\practices\1\TrafficLight\build\libraries\SrcWrapper\HAL\stm32yyxx_hal_dcache.c.o
LOAD D:\4_kurs_sem1\CyberPhysics\practices\1\TrafficLight\build\libraries\SrcWrapper\HAL\stm32yyxx_hal_dcmi.c.o
LOAD D:\4_kurs_sem1\CyberPhysics\practices\1\TrafficLight\build\libraries\SrcWrapper\HAL\stm32yyxx_hal_dcmi_ex.c.o
LOAD D:\4_kurs_sem1\CyberPhysics\practices\1\TrafficLight\build\libraries\SrcWrapper\HAL\stm32yyxx_hal_dfsdm.c.o
LOAD D:\4_kurs_sem1\CyberPhysics\practices\1\TrafficLight\build\libraries\SrcWrapper\HAL\stm32yyxx_hal_dfsdm_ex.c.o
LOAD D:\4_kurs_sem1\CyberPhysics\practices\1\TrafficLight\build\libraries\SrcWrapper\HAL\stm32yyxx_hal_dma.c.o
LOAD D:\4_kurs_sem1\CyberPhysics\practices\1\TrafficLight\build\libraries\SrcWrapper\HAL\stm32yyxx_hal_dma2d.c.o
LOAD D:\4_kurs_sem1\CyberPhysics\practices\1\TrafficLight\build\libraries\SrcWrapper\HAL\stm32yyxx_hal_dma_ex.c.o
LOAD D:\4_kurs_sem1\CyberPhysics\practices\1\TrafficLight\build\libraries\SrcWrapper\HAL\stm32yyxx_hal_dsi.c.o
LOAD D:\4_kurs_sem1\CyberPhysics\practices\1\TrafficLight\build\libraries\SrcWrapper\HAL\stm32yyxx_hal_dts.c.o
LOAD D:\4_kurs_sem1\CyberPhysics\practices\1\TrafficLight\build\libraries\SrcWrapper\HAL\stm32yyxx_hal_eth.c.o
LOAD D:\4_kurs_sem1\CyberPhysics\practices\1\TrafficLight\build\libraries\SrcWrapper\HAL\stm32yyxx_hal_eth_ex.c.o
LOAD D:\4_kurs_sem1\CyberPhysics\practices\1\TrafficLight\build\libraries\SrcWrapper\HAL\stm32yyxx_hal_exti.c.o
LOAD D:\4_kurs_sem1\CyberPhysics\practices\1\TrafficLight\build\libraries\SrcWrapper\HAL\stm32yyxx_hal_fdcan.c.o
LOAD D:\4_kurs_sem1\CyberPhysics\practices\1\TrafficLight\build\libraries\SrcWrapper\HAL\stm32yyxx_hal_firewall.c.o
LOAD D:\4_kurs_sem1\CyberPhysics\practices\1\TrafficLight\build\libraries\SrcWrapper\HAL\stm32yyxx_hal_flash.c.o
LOAD D:\4_kurs_sem1\CyberPhysics\practices\1\TrafficLight\build\libraries\SrcWrapper\HAL\stm32yyxx_hal_flash_ex.c.o
LOAD D:\4_kurs_sem1\CyberPhysics\practices\1\TrafficLight\build\libraries\SrcWrapper\HAL\stm32yyxx_hal_flash_ramfunc.c.o
LOAD D:\4_kurs_sem1\CyberPhysics\practices\1\TrafficLight\build\libraries\SrcWrapper\HAL\stm32yyxx_hal_fmac.c.o
LOAD D:\4_kurs_sem1\CyberPhysics\practices\1\TrafficLight\build\libraries\SrcWrapper\HAL\stm32yyxx_hal_fmpi2c.c.o
LOAD D:\4_kurs_sem1\CyberPhysics\practices\1\TrafficLight\build\libraries\SrcWrapper\HAL\stm32yyxx_hal_fmpi2c_ex.c.o
LOAD D:\4_kurs_sem1\CyberPhysics\practices\1\TrafficLight\build\libraries\SrcWrapper\HAL\stm32yyxx_hal_fmpsmbus.c.o
LOAD D:\4_kurs_sem1\CyberPhysics\practices\1\TrafficLight\build\libraries\SrcWrapper\HAL\stm32yyxx_hal_fmpsmbus_ex.c.o
LOAD D:\4_kurs_sem1\CyberPhysics\practices\1\TrafficLight\build\libraries\SrcWrapper\HAL\stm32yyxx_hal_gfxmmu.c.o
LOAD D:\4_kurs_sem1\CyberPhysics\practices\1\TrafficLight\build\libraries\SrcWrapper\HAL\stm32yyxx_hal_gfxtim.c.o
LOAD D:\4_kurs_sem1\CyberPhysics\practices\1\TrafficLight\build\libraries\SrcWrapper\HAL\stm32yyxx_hal_gpio.c.o
LOAD D:\4_kurs_sem1\CyberPhysics\practices\1\TrafficLight\build\libraries\SrcWrapper\HAL\stm32yyxx_hal_gpio_ex.c.o
LOAD D:\4_kurs_sem1\CyberPhysics\practices\1\TrafficLight\build\libraries\SrcWrapper\HAL\stm32yyxx_hal_gpu2d.c.o
LOAD D:\4_kurs_sem1\CyberPhysics\practices\1\TrafficLight\build\libraries\SrcWrapper\HAL\stm32yyxx_hal_gtzc.c.o
LOAD D:\4_kurs_sem1\CyberPhysics\practices\1\TrafficLight\build\libraries\SrcWrapper\HAL\stm32yyxx_hal_hash.c.o
LOAD D:\4_kurs_sem1\CyberPhysics\practices\1\TrafficLight\build\libraries\SrcWrapper\HAL\stm32yyxx_hal_hash_ex.c.o
LOAD D:\4_kurs_sem1\CyberPhysics\practices\1\TrafficLight\build\libraries\SrcWrapper\HAL\stm32yyxx_hal_hcd.c.o
LOAD D:\4_kurs_sem1\CyberPhysics\practices\1\TrafficLight\build\libraries\SrcWrapper\HAL\stm32yyxx_hal_hrtim.c.o
LOAD D:\4_kurs_sem1\CyberPhysics\practices\1\TrafficLight\build\libraries\SrcWrapper\HAL\stm32yyxx_hal_hsem.c.o
LOAD D:\4_kurs_sem1\CyberPhysics\practices\1\TrafficLight\build\libraries\SrcWrapper\HAL\stm32yyxx_hal_i2c.c.o
LOAD D:\4_kurs_sem1\CyberPhysics\practices\1\TrafficLight\build\libraries\SrcWrapper\HAL\stm32yyxx_hal_i2c_ex.c.o
LOAD D:\4_kurs_sem1\CyberPhysics\practices\1\TrafficLight\build\libraries\SrcWrapper\HAL\stm32yyxx_hal_i2s.c.o
LOAD D:\4_kurs_sem1\CyberPhysics\practices\1\TrafficLight\build\libraries\SrcWrapper\HAL\stm32yyxx_hal_i2s_ex.c.o
LOAD D:\4_kurs_sem1\CyberPhysics\practices\1\TrafficLight\build\libraries\SrcWrapper\HAL\stm32yyxx_hal_i3c.c.o
LOAD D:\4_kurs_sem1\CyberPhysics\practices\1\TrafficLight\build\libraries\SrcWrapper\HAL\stm32yyxx_hal_icache.c.o
LOAD D:\4_kurs_sem1\CyberPhysics\practices\1\TrafficLight\build\libraries\SrcWrapper\HAL\stm32yyxx_hal_ipcc.c.o
LOAD D:\4_kurs_sem1\CyberPhysics\practices\1\TrafficLight\build\libraries\SrcWrapper\HAL\stm32yyxx_hal_irda.c.o
LOAD D:\4_kurs_sem1\CyberPhysics\practices\1\TrafficLight\build\libraries\SrcWrapper\HAL\stm32yyxx_hal_iwdg.c.o
LOAD D:\4_kurs_sem1\CyberPhysics\practices\1\TrafficLight\build\libraries\SrcWrapper\HAL\stm32yyxx_hal_jpeg.c.o
LOAD D:\4_kurs_sem1\CyberPhysics\practices\1\TrafficLight\build\libraries\SrcWrapper\HAL\stm32yyxx_hal_lcd.c.o
LOAD D:\4_kurs_sem1\CyberPhysics\practices\1\TrafficLight\build\libraries\SrcWrapper\HAL\stm32yyxx_hal_lptim.c.o
LOAD D:\4_kurs_sem1\CyberPhysics\practices\1\TrafficLight\build\libraries\SrcWrapper\HAL\stm32yyxx_hal_ltdc.c.o
LOAD D:\4_kurs_sem1\CyberPhysics\practices\1\TrafficLight\build\libraries\SrcWrapper\HAL\stm32yyxx_hal_ltdc_ex.c.o
LOAD D:\4_kurs_sem1\CyberPhysics\practices\1\TrafficLight\build\libraries\SrcWrapper\HAL\stm32yyxx_hal_mdf.c.o
LOAD D:\4_kurs_sem1\CyberPhysics\practices\1\TrafficLight\build\libraries\SrcWrapper\HAL\stm32yyxx_hal_mdios.c.o
LOAD D:\4_kurs_sem1\CyberPhysics\practices\1\TrafficLight\build\libraries\SrcWrapper\HAL\stm32yyxx_hal_mdma.c.o
LOAD D:\4_kurs_sem1\CyberPhysics\practices\1\TrafficLight\build\libraries\SrcWrapper\HAL\stm32yyxx_hal_mmc.c.o
LOAD D:\4_kurs_sem1\CyberPhysics\practices\1\TrafficLight\build\libraries\SrcWrapper\HAL\stm32yyxx_hal_mmc_ex.c.o
LOAD D:\4_kurs_sem1\CyberPhysics\practices\1\TrafficLight\build\libraries\SrcWrapper\HAL\stm32yyxx_hal_nand.c.o
LOAD D:\4_kurs_sem1\CyberPhysics\practices\1\TrafficLight\build\libraries\SrcWrapper\HAL\stm32yyxx_hal_nor.c.o
LOAD D:\4_kurs_sem1\CyberPhysics\practices\1\TrafficLight\build\libraries\SrcWrapper\HAL\stm32yyxx_hal_opamp.c.o
LOAD D:\4_kurs_sem1\CyberPhysics\practices\1\TrafficLight\build\libraries\SrcWrapper\HAL\stm32yyxx_hal_opamp_ex.c.o
LOAD D:\4_kurs_sem1\CyberPhysics\practices\1\TrafficLight\build\libraries\SrcWrapper\HAL\stm32yyxx_hal_ospi.c.o
LOAD D:\4_kurs_sem1\CyberPhysics\practices\1\TrafficLight\build\libraries\SrcWrapper\HAL\stm32yyxx_hal_otfdec.c.o
LOAD D:\4_kurs_sem1\CyberPhysics\practices\1\TrafficLight\build\libraries\SrcWrapper\HAL\stm32yyxx_hal_pccard.c.o
LOAD D:\4_kurs_sem1\CyberPhysics\practices\1\TrafficLight\build\libraries\SrcWrapper\HAL\stm32yyxx_hal_pcd.c.o
LOAD D:\4_kurs_sem1\CyberPhysics\practices\1\TrafficLight\build\libraries\SrcWrapper\HAL\stm32yyxx_hal_pcd_ex.c.o
LOAD D:\4_kurs_sem1\CyberPhysics\practices\1\TrafficLight\build\libraries\SrcWrapper\HAL\stm32yyxx_hal_pka.c.o
LOAD D:\4_kurs_sem1\CyberPhysics\practices\1\TrafficLight\build\libraries\SrcWrapper\HAL\stm32yyxx_hal_pssi.c.o
LOAD D:\4_kurs_sem1\CyberPhysics\practices\1\TrafficLight\build\libraries\SrcWrapper\HAL\stm32yyxx_hal_pwr.c.o
LOAD D:\4_kurs_sem1\CyberPhysics\practices\1\TrafficLight\build\libraries\SrcWrapper\HAL\stm32yyxx_hal_pwr_ex.c.o
LOAD D:\4_kurs_sem1\CyberPhysics\practices\1\TrafficLight\build\libraries\SrcWrapper\HAL\stm32yyxx_hal_qspi.c.o
LOAD D:\4_kurs_sem1\CyberPhysics\practices\1\TrafficLight\build\libraries\SrcWrapper\HAL\stm32yyxx_hal_radio.c.o
LOAD D:\4_kurs_sem1\CyberPhysics\practices\1\TrafficLight\build\libraries\SrcWrapper\HAL\stm32yyxx_hal_radio_timer.c.o
LOAD D:\4_kurs_sem1\CyberPhysics\practices\1\TrafficLight\build\libraries\SrcWrapper\HAL\stm32yyxx_hal_ramcfg.c.o
LOAD D:\4_kurs_sem1\CyberPhysics\practices\1\TrafficLight\build\libraries\SrcWrapper\HAL\stm32yyxx_hal_ramecc.c.o
LOAD D:\4_kurs_sem1\CyberPhysics\practices\1\TrafficLight\build\libraries\SrcWrapper\HAL\stm32yyxx_hal_rcc.c.o
LOAD D:\4_kurs_sem1\CyberPhysics\practices\1\TrafficLight\build\libraries\SrcWrapper\HAL\stm32yyxx_hal_rcc_ex.c.o
LOAD D:\4_kurs_sem1\CyberPhysics\practices\1\TrafficLight\build\libraries\SrcWrapper\HAL\stm32yyxx_hal_rng.c.o
LOAD D:\4_kurs_sem1\CyberPhysics\practices\1\TrafficLight\build\libraries\SrcWrapper\HAL\stm32yyxx_hal_rng_ex.c.o
LOAD D:\4_kurs_sem1\CyberPhysics\practices\1\TrafficLight\build\libraries\SrcWrapper\HAL\stm32yyxx_hal_rtc.c.o
LOAD D:\4_kurs_sem1\CyberPhysics\practices\1\TrafficLight\build\libraries\SrcWrapper\HAL\stm32yyxx_hal_rtc_ex.c.o
LOAD D:\4_kurs_sem1\CyberPhysics\practices\1\TrafficLight\build\libraries\SrcWrapper\HAL\stm32yyxx_hal_sai.c.o
LOAD D:\4_kurs_sem1\CyberPhysics\practices\1\TrafficLight\build\libraries\SrcWrapper\HAL\stm32yyxx_hal_sai_ex.c.o
LOAD D:\4_kurs_sem1\CyberPhysics\practices\1\TrafficLight\build\libraries\SrcWrapper\HAL\stm32yyxx_hal_sd.c.o
LOAD D:\4_kurs_sem1\CyberPhysics\practices\1\TrafficLight\build\libraries\SrcWrapper\HAL\stm32yyxx_hal_sd_ex.c.o
LOAD D:\4_kurs_sem1\CyberPhysics\practices\1\TrafficLight\build\libraries\SrcWrapper\HAL\stm32yyxx_hal_sdadc.c.o
LOAD D:\4_kurs_sem1\CyberPhysics\practices\1\TrafficLight\build\libraries\SrcWrapper\HAL\stm32yyxx_hal_sdio.c.o
LOAD D:\4_kurs_sem1\CyberPhysics\practices\1\TrafficLight\build\libraries\SrcWrapper\HAL\stm32yyxx_hal_sdram.c.o
LOAD D:\4_kurs_sem1\CyberPhysics\practices\1\TrafficLight\build\libraries\SrcWrapper\HAL\stm32yyxx_hal_smartcard.c.o
LOAD D:\4_kurs_sem1\CyberPhysics\practices\1\TrafficLight\build\libraries\SrcWrapper\HAL\stm32yyxx_hal_smartcard_ex.c.o
LOAD D:\4_kurs_sem1\CyberPhysics\practices\1\TrafficLight\build\libraries\SrcWrapper\HAL\stm32yyxx_hal_smbus.c.o
LOAD D:\4_kurs_sem1\CyberPhysics\practices\1\TrafficLight\build\libraries\SrcWrapper\HAL\stm32yyxx_hal_smbus_ex.c.o
LOAD D:\4_kurs_sem1\CyberPhysics\practices\1\TrafficLight\build\libraries\SrcWrapper\HAL\stm32yyxx_hal_spdifrx.c.o
LOAD D:\4_kurs_sem1\CyberPhysics\practices\1\TrafficLight\build\libraries\SrcWrapper\HAL\stm32yyxx_hal_spi.c.o
LOAD D:\4_kurs_sem1\CyberPhysics\practices\1\TrafficLight\build\libraries\SrcWrapper\HAL\stm32yyxx_hal_spi_ex.c.o
LOAD D:\4_kurs_sem1\CyberPhysics\practices\1\TrafficLight\build\libraries\SrcWrapper\HAL\stm32yyxx_hal_sram.c.o
LOAD D:\4_kurs_sem1\CyberPhysics\practices\1\TrafficLight\build\libraries\SrcWrapper\HAL\stm32yyxx_hal_subghz.c.o
LOAD D:\4_kurs_sem1\CyberPhysics\practices\1\TrafficLight\build\libraries\SrcWrapper\HAL\stm32yyxx_hal_swpmi.c.o
LOAD D:\4_kurs_sem1\CyberPhysics\practices\1\TrafficLight\build\libraries\SrcWrapper\HAL\stm32yyxx_hal_tim.c.o
LOAD D:\4_kurs_sem1\CyberPhysics\practices\1\TrafficLight\build\libraries\SrcWrapper\HAL\stm32yyxx_hal_tim_ex.c.o
LOAD D:\4_kurs_sem1\CyberPhysics\practices\1\TrafficLight\build\libraries\SrcWrapper\HAL\stm32yyxx_hal_tsc.c.o
LOAD D:\4_kurs_sem1\CyberPhysics\practices\1\TrafficLight\build\libraries\SrcWrapper\HAL\stm32yyxx_hal_uart.c.o
LOAD D:\4_kurs_sem1\CyberPhysics\practices\1\TrafficLight\build\libraries\SrcWrapper\HAL\stm32yyxx_hal_uart_ex.c.o
LOAD D:\4_kurs_sem1\CyberPhysics\practices\1\TrafficLight\build\libraries\SrcWrapper\HAL\stm32yyxx_hal_usart.c.o
LOAD D:\4_kurs_sem1\CyberPhysics\practices\1\TrafficLight\build\libraries\SrcWrapper\HAL\stm32yyxx_hal_usart_ex.c.o
LOAD D:\4_kurs_sem1\CyberPhysics\practices\1\TrafficLight\build\libraries\SrcWrapper\HAL\stm32yyxx_hal_wwdg.c.o
LOAD D:\4_kurs_sem1\CyberPhysics\practices\1\TrafficLight\build\libraries\SrcWrapper\HAL\stm32yyxx_hal_xspi.c.o
LOAD D:\4_kurs_sem1\CyberPhysics\practices\1\TrafficLight\build\libraries\SrcWrapper\HardwareTimer.cpp.o
LOAD D:\4_kurs_sem1\CyberPhysics\practices\1\TrafficLight\build\libraries\SrcWrapper\LL\stm32yyxx_ll_adc.c.o
LOAD D:\4_kurs_sem1\CyberPhysics\practices\1\TrafficLight\build\libraries\SrcWrapper\LL\stm32yyxx_ll_bdma.c.o
LOAD D:\4_kurs_sem1\CyberPhysics\practices\1\TrafficLight\build\libraries\SrcWrapper\LL\stm32yyxx_ll_comp.c.o
LOAD D:\4_kurs_sem1\CyberPhysics\practices\1\TrafficLight\build\libraries\SrcWrapper\LL\stm32yyxx_ll_cordic.c.o
LOAD D:\4_kurs_sem1\CyberPhysics\practices\1\TrafficLight\build\libraries\SrcWrapper\LL\stm32yyxx_ll_crc.c.o
LOAD D:\4_kurs_sem1\CyberPhysics\practices\1\TrafficLight\build\libraries\SrcWrapper\LL\stm32yyxx_ll_crs.c.o
LOAD D:\4_kurs_sem1\CyberPhysics\practices\1\TrafficLight\build\libraries\SrcWrapper\LL\stm32yyxx_ll_dac.c.o
LOAD D:\4_kurs_sem1\CyberPhysics\practices\1\TrafficLight\build\libraries\SrcWrapper\LL\stm32yyxx_ll_delayblock.c.o
LOAD D:\4_kurs_sem1\CyberPhysics\practices\1\TrafficLight\build\libraries\SrcWrapper\LL\stm32yyxx_ll_dlyb.c.o
LOAD D:\4_kurs_sem1\CyberPhysics\practices\1\TrafficLight\build\libraries\SrcWrapper\LL\stm32yyxx_ll_dma.c.o
LOAD D:\4_kurs_sem1\CyberPhysics\practices\1\TrafficLight\build\libraries\SrcWrapper\LL\stm32yyxx_ll_dma2d.c.o
LOAD D:\4_kurs_sem1\CyberPhysics\practices\1\TrafficLight\build\libraries\SrcWrapper\LL\stm32yyxx_ll_exti.c.o
LOAD D:\4_kurs_sem1\CyberPhysics\practices\1\TrafficLight\build\libraries\SrcWrapper\LL\stm32yyxx_ll_fmac.c.o
LOAD D:\4_kurs_sem1\CyberPhysics\practices\1\TrafficLight\build\libraries\SrcWrapper\LL\stm32yyxx_ll_fmc.c.o
LOAD D:\4_kurs_sem1\CyberPhysics\practices\1\TrafficLight\build\libraries\SrcWrapper\LL\stm32yyxx_ll_fmpi2c.c.o
LOAD D:\4_kurs_sem1\CyberPhysics\practices\1\TrafficLight\build\libraries\SrcWrapper\LL\stm32yyxx_ll_fsmc.c.o
LOAD D:\4_kurs_sem1\CyberPhysics\practices\1\TrafficLight\build\libraries\SrcWrapper\LL\stm32yyxx_ll_gpio.c.o
LOAD D:\4_kurs_sem1\CyberPhysics\practices\1\TrafficLight\build\libraries\SrcWrapper\LL\stm32yyxx_ll_hrtim.c.o
LOAD D:\4_kurs_sem1\CyberPhysics\practices\1\TrafficLight\build\libraries\SrcWrapper\LL\stm32yyxx_ll_i2c.c.o
LOAD D:\4_kurs_sem1\CyberPhysics\practices\1\TrafficLight\build\libraries\SrcWrapper\LL\stm32yyxx_ll_i3c.c.o
LOAD D:\4_kurs_sem1\CyberPhysics\practices\1\TrafficLight\build\libraries\SrcWrapper\LL\stm32yyxx_ll_icache.c.o
LOAD D:\4_kurs_sem1\CyberPhysics\practices\1\TrafficLight\build\libraries\SrcWrapper\LL\stm32yyxx_ll_lpgpio.c.o
LOAD D:\4_kurs_sem1\CyberPhysics\practices\1\TrafficLight\build\libraries\SrcWrapper\LL\stm32yyxx_ll_lptim.c.o
LOAD D:\4_kurs_sem1\CyberPhysics\practices\1\TrafficLight\build\libraries\SrcWrapper\LL\stm32yyxx_ll_lpuart.c.o
LOAD D:\4_kurs_sem1\CyberPhysics\practices\1\TrafficLight\build\libraries\SrcWrapper\LL\stm32yyxx_ll_mdma.c.o
LOAD D:\4_kurs_sem1\CyberPhysics\practices\1\TrafficLight\build\libraries\SrcWrapper\LL\stm32yyxx_ll_opamp.c.o
LOAD D:\4_kurs_sem1\CyberPhysics\practices\1\TrafficLight\build\libraries\SrcWrapper\LL\stm32yyxx_ll_pka.c.o
LOAD D:\4_kurs_sem1\CyberPhysics\practices\1\TrafficLight\build\libraries\SrcWrapper\LL\stm32yyxx_ll_pwr.c.o
LOAD D:\4_kurs_sem1\CyberPhysics\practices\1\TrafficLight\build\libraries\SrcWrapper\LL\stm32yyxx_ll_rcc.c.o
LOAD D:\4_kurs_sem1\CyberPhysics\practices\1\TrafficLight\build\libraries\SrcWrapper\LL\stm32yyxx_ll_rng.c.o
LOAD D:\4_kurs_sem1\CyberPhysics\practices\1\TrafficLight\build\libraries\SrcWrapper\LL\stm32yyxx_ll_rtc.c.o
LOAD D:\4_kurs_sem1\CyberPhysics\practices\1\TrafficLight\build\libraries\SrcWrapper\LL\stm32yyxx_ll_sdmmc.c.o
LOAD D:\4_kurs_sem1\CyberPhysics\practices\1\TrafficLight\build\libraries\SrcWrapper\LL\stm32yyxx_ll_spi.c.o
LOAD D:\4_kurs_sem1\CyberPhysics\practices\1\TrafficLight\build\libraries\SrcWrapper\LL\stm32yyxx_ll_swpmi.c.o
LOAD D:\4_kurs_sem1\CyberPhysics\practices\1\TrafficLight\build\libraries\SrcWrapper\LL\stm32yyxx_ll_system.c.o
LOAD D:\4_kurs_sem1\CyberPhysics\practices\1\TrafficLight\build\libraries\SrcWrapper\LL\stm32yyxx_ll_tim.c.o
LOAD D:\4_kurs_sem1\CyberPhysics\practices\1\TrafficLight\build\libraries\SrcWrapper\LL\stm32yyxx_ll_ucpd.c.o
LOAD D:\4_kurs_sem1\CyberPhysics\practices\1\TrafficLight\build\libraries\SrcWrapper\LL\stm32yyxx_ll_usart.c.o
LOAD D:\4_kurs_sem1\CyberPhysics\practices\1\TrafficLight\build\libraries\SrcWrapper\LL\stm32yyxx_ll_usb.c.o
LOAD D:\4_kurs_sem1\CyberPhysics\practices\1\TrafficLight\build\libraries\SrcWrapper\LL\stm32yyxx_ll_utils.c.o
LOAD D:\4_kurs_sem1\CyberPhysics\practices\1\TrafficLight\build\libraries\SrcWrapper\new.cpp.o
LOAD D:\4_kurs_sem1\CyberPhysics\practices\1\TrafficLight\build\libraries\SrcWrapper\stm32\PortNames.c.o
LOAD D:\4_kurs_sem1\CyberPhysics\practices\1\TrafficLight\build\libraries\SrcWrapper\stm32\analog.cpp.o
LOAD D:\4_kurs_sem1\CyberPhysics\practices\1\TrafficLight\build\libraries\SrcWrapper\stm32\bootloader.c.o
LOAD D:\4_kurs_sem1\CyberPhysics\practices\1\TrafficLight\build\libraries\SrcWrapper\stm32\clock.c.o
LOAD D:\4_kurs_sem1\CyberPhysics\practices\1\TrafficLight\build\libraries\SrcWrapper\stm32\core_callback.c.o
LOAD D:\4_kurs_sem1\CyberPhysics\practices\1\TrafficLight\build\libraries\SrcWrapper\stm32\dwt.c.o
LOAD D:\4_kurs_sem1\CyberPhysics\practices\1\TrafficLight\build\libraries\SrcWrapper\stm32\hw_config.c.o
LOAD D:\4_kurs_sem1\CyberPhysics\practices\1\TrafficLight\build\libraries\SrcWrapper\stm32\interrupt.cpp.o
LOAD D:\4_kurs_sem1\CyberPhysics\practices\1\TrafficLight\build\libraries\SrcWrapper\stm32\otp.c.o
LOAD D:\4_kurs_sem1\CyberPhysics\practices\1\TrafficLight\build\libraries\SrcWrapper\stm32\pinmap.c.o
LOAD D:\4_kurs_sem1\CyberPhysics\practices\1\TrafficLight\build\libraries\SrcWrapper\stm32\stm32_def.c.o
LOAD D:\4_kurs_sem1\CyberPhysics\practices\1\TrafficLight\build\libraries\SrcWrapper\stm32\system_stm32yyxx.c.o
LOAD D:\4_kurs_sem1\CyberPhysics\practices\1\TrafficLight\build\libraries\SrcWrapper\stm32\timer.c.o
LOAD D:\4_kurs_sem1\CyberPhysics\practices\1\TrafficLight\build\libraries\SrcWrapper\stm32\uart.c.o
LOAD D:\4_kurs_sem1\CyberPhysics\practices\1\TrafficLight\build\libraries\SrcWrapper\syscalls.c.o
LOAD D:\4_kurs_sem1\CyberPhysics\practices\1\TrafficLight\build\core\PeripheralPins.c.o
LOAD D:\4_kurs_sem1\CyberPhysics\practices\1\TrafficLight\build\core\generic_clock.c.o
LOAD D:\4_kurs_sem1\CyberPhysics\practices\1\TrafficLight\build\core\variant_NUCLEO_C031C6.cpp.o
LOAD D:\4_kurs_sem1\CyberPhysics\practices\1\TrafficLight\build\core\variant_STM32C0316_DK.cpp.o
LOAD D:\4_kurs_sem1\CyberPhysics\practices\1\TrafficLight\build\core\variant_generic.cpp.o
LOAD D:\4_kurs_sem1\CyberPhysics\practices\1\TrafficLight\build\core\core.a
LOAD C:/Users/danst/AppData/Local/Arduino15/packages/STMicroelectronics/tools/xpack-arm-none-eabi-gcc/14.2.1-1.1/bin/../lib/gcc/arm-none-eabi/14.2.1/../../../../arm-none-eabi/lib/thumb/v6-m/nofp\libc_nano.a
END GROUP
LOAD C:/Users/danst/AppData/Local/Arduino15/packages/STMicroelectronics/tools/xpack-arm-none-eabi-gcc/14.2.1-1.1/bin/../lib/gcc/arm-none-eabi/14.2.1/../../../../arm-none-eabi/lib/thumb/v6-m/nofp\libm.a
LOAD C:/Users/danst/AppData/Local/Arduino15/packages/STMicroelectronics/tools/xpack-arm-none-eabi-gcc/14.2.1-1.1/bin/../lib/gcc/arm-none-eabi/14.2.1/thumb/v6-m/nofp\libgcc.a
LOAD C:/Users/danst/AppData/Local/Arduino15/packages/STMicroelectronics/tools/xpack-arm-none-eabi-gcc/14.2.1-1.1/bin/../lib/gcc/arm-none-eabi/14.2.1/../../../../arm-none-eabi/lib/thumb/v6-m/nofp\libstdc++_nano.a
START GROUP
LOAD C:/Users/danst/AppData/Local/Arduino15/packages/STMicroelectronics/tools/xpack-arm-none-eabi-gcc/14.2.1-1.1/bin/../lib/gcc/arm-none-eabi/14.2.1/thumb/v6-m/nofp\libgcc.a
LOAD C:/Users/danst/AppData/Local/Arduino15/packages/STMicroelectronics/tools/xpack-arm-none-eabi-gcc/14.2.1-1.1/bin/../lib/gcc/arm-none-eabi/14.2.1/../../../../arm-none-eabi/lib/thumb/v6-m/nofp\libc_nano.a
END GROUP
START GROUP
LOAD C:/Users/danst/AppData/Local/Arduino15/packages/STMicroelectronics/tools/xpack-arm-none-eabi-gcc/14.2.1-1.1/bin/../lib/gcc/arm-none-eabi/14.2.1/thumb/v6-m/nofp\libgcc.a
LOAD C:/Users/danst/AppData/Local/Arduino15/packages/STMicroelectronics/tools/xpack-arm-none-eabi-gcc/14.2.1-1.1/bin/../lib/gcc/arm-none-eabi/14.2.1/../../../../arm-none-eabi/lib/thumb/v6-m/nofp\libc_nano.a
END GROUP
LOAD C:/Users/danst/AppData/Local/Arduino15/packages/STMicroelectronics/tools/xpack-arm-none-eabi-gcc/14.2.1-1.1/bin/../lib/gcc/arm-none-eabi/14.2.1/thumb/v6-m/nofp/crtend.o
LOAD C:/Users/danst/AppData/Local/Arduino15/packages/STMicroelectronics/tools/xpack-arm-none-eabi-gcc/14.2.1-1.1/bin/../lib/gcc/arm-none-eabi/14.2.1/thumb/v6-m/nofp/crtn.o
                0x20003000                        _estack = (ORIGIN (RAM) + LENGTH (RAM))
                0x00000200                        _Min_Heap_Size = 0x200
                0x00000400                        _Min_Stack_Size = 0x400

.isr_vector     0x08000000       0xc0
                0x08000000                        . = ALIGN (0x4)
 *(.isr_vector)
 .isr_vector    0x08000000       0xc0 D:\4_kurs_sem1\CyberPhysics\practices\1\TrafficLight\build\core\core.a(startup_stm32yyxx.S.o)
                0x08000000                g_pfnVectors
                0x080000c0                        . = ALIGN (0x4)

.text           0x080000c0     0x55d8
                0x080000c0                        . = ALIGN (0x4)
 *(.text)
 .text          0x080000c0     0x48a0 C:\Users\danst\AppData\Local\Temp\cceewbMx.ltrans0.ltrans.o
                0x0800460c                I2C1_IRQHandler
                0x08004612                TIM1_BRK_UP_TRG_COM_IRQHandler
                0x08004628                TIM1_CC_IRQHandler
                0x08004630                TIM3_IRQHandler
                0x08004648                TIM14_IRQHandler
                0x08004660                TIM16_IRQHandler
                0x08004678                TIM17_IRQHandler
                0x08004690                operator delete(void*)
                0x08004698                operator delete(void*, unsigned int)
                0x080046a0                SysTick_Handler
                0x080046b0                EXTI0_1_IRQHandler
                0x080046c0                EXTI2_3_IRQHandler
                0x080046d0                EXTI4_15_IRQHandler
                0x080046e6                SystemInit
                0x080046f4                USART1_IRQHandler
                0x08004714                USART2_IRQHandler
                0x08004738                _sbrk
                0x08004774                _close
                0x0800477a                _fstat
                0x08004784                _isatty
                0x08004788                _lseek
                0x0800478c                _read
                0x08004790                _exit
                0x08004792                _kill
                0x080047a4                _getpid
                0x080047a8                _write
 .text          0x08004960        0xe C:/Users/danst/AppData/Local/Arduino15/packages/STMicroelectronics/tools/xpack-arm-none-eabi-gcc/14.2.1-1.1/bin/../lib/gcc/arm-none-eabi/14.2.1/../../../../arm-none-eabi/lib/thumb/v6-m/nofp\libc_nano.a(libc_a-strlen.o)
                0x08004960                strlen
 *fill*         0x0800496e        0x2 
 .text          0x08004970       0x14 C:/Users/danst/AppData/Local/Arduino15/packages/STMicroelectronics/tools/xpack-arm-none-eabi-gcc/14.2.1-1.1/bin/../lib/gcc/arm-none-eabi/14.2.1/thumb/v6-m/nofp\libgcc.a(_thumb1_case_uqi.o)
                0x08004970                __gnu_thumb1_case_uqi
 .text          0x08004984      0x114 C:/Users/danst/AppData/Local/Arduino15/packages/STMicroelectronics/tools/xpack-arm-none-eabi-gcc/14.2.1-1.1/bin/../lib/gcc/arm-none-eabi/14.2.1/thumb/v6-m/nofp\libgcc.a(_udivsi3.o)
                0x08004984                __aeabi_uidiv
                0x08004984                __udivsi3
                0x08004a90                __aeabi_uidivmod
 .text          0x08004a98        0x4 C:/Users/danst/AppData/Local/Arduino15/packages/STMicroelectronics/tools/xpack-arm-none-eabi-gcc/14.2.1-1.1/bin/../lib/gcc/arm-none-eabi/14.2.1/thumb/v6-m/nofp\libgcc.a(_dvmd_tls.o)
                0x08004a98                __aeabi_idiv0
                0x08004a98                __aeabi_ldiv0
 *(.text*)
 .text.__do_global_dtors_aux
                0x08004a9c       0x28 C:/Users/danst/AppData/Local/Arduino15/packages/STMicroelectronics/tools/xpack-arm-none-eabi-gcc/14.2.1-1.1/bin/../lib/gcc/arm-none-eabi/14.2.1/thumb/v6-m/nofp/crtbegin.o
 .text.frame_dummy
                0x08004ac4       0x20 C:/Users/danst/AppData/Local/Arduino15/packages/STMicroelectronics/tools/xpack-arm-none-eabi-gcc/14.2.1-1.1/bin/../lib/gcc/arm-none-eabi/14.2.1/thumb/v6-m/nofp/crtbegin.o
 .text.startup  0x08004ae4      0x694 C:\Users\danst\AppData\Local\Temp\cceewbMx.ltrans0.ltrans.o
                0x08004ca4                main
 .text.exit     0x08005178       0xd4 C:\Users\danst\AppData\Local\Temp\cceewbMx.ltrans0.ltrans.o
 .text.Reset_Handler
                0x0800524c       0x50 D:\4_kurs_sem1\CyberPhysics\practices\1\TrafficLight\build\core\core.a(startup_stm32yyxx.S.o)
                0x0800524c                Reset_Handler
 .text.Default_Handler
                0x0800529c        0x2 D:\4_kurs_sem1\CyberPhysics\practices\1\TrafficLight\build\core\core.a(startup_stm32yyxx.S.o)
                0x0800529c                HardFault_Handler
                0x0800529c                PendSV_Handler
                0x0800529c                NMI_Handler
                0x0800529c                DMAMUX1_IRQHandler
                0x0800529c                SPI1_IRQHandler
                0x0800529c                ADC1_IRQHandler
                0x0800529c                RTC_IRQHandler
                0x0800529c                RCC_IRQHandler
                0x0800529c                DMA1_Channel1_IRQHandler
                0x0800529c                Default_Handler
                0x0800529c                SVC_Handler
                0x0800529c                WWDG_IRQHandler
                0x0800529c                DMA1_Channel2_3_IRQHandler
                0x0800529c                FLASH_IRQHandler
 .text.memset   0x0800529e       0x10 C:/Users/danst/AppData/Local/Arduino15/packages/STMicroelectronics/tools/xpack-arm-none-eabi-gcc/14.2.1-1.1/bin/../lib/gcc/arm-none-eabi/14.2.1/../../../../arm-none-eabi/lib/thumb/v6-m/nofp\libc_nano.a(libc_a-memset.o)
                0x0800529e                memset
 *fill*         0x080052ae        0x2 
 .text.__libc_init_array
                0x080052b0       0x48 C:/Users/danst/AppData/Local/Arduino15/packages/STMicroelectronics/tools/xpack-arm-none-eabi-gcc/14.2.1-1.1/bin/../lib/gcc/arm-none-eabi/14.2.1/../../../../arm-none-eabi/lib/thumb/v6-m/nofp\libc_nano.a(libc_a-init.o)
                0x080052b0                __libc_init_array
 .text.__retarget_lock_acquire_recursive
                0x080052f8        0x2 C:/Users/danst/AppData/Local/Arduino15/packages/STMicroelectronics/tools/xpack-arm-none-eabi-gcc/14.2.1-1.1/bin/../lib/gcc/arm-none-eabi/14.2.1/../../../../arm-none-eabi/lib/thumb/v6-m/nofp\libc_nano.a(libc_a-lock.o)
                0x080052f8                __retarget_lock_acquire_recursive
 .text.__retarget_lock_release_recursive
                0x080052fa        0x2 C:/Users/danst/AppData/Local/Arduino15/packages/STMicroelectronics/tools/xpack-arm-none-eabi-gcc/14.2.1-1.1/bin/../lib/gcc/arm-none-eabi/14.2.1/../../../../arm-none-eabi/lib/thumb/v6-m/nofp\libc_nano.a(libc_a-lock.o)
                0x080052fa                __retarget_lock_release_recursive
 .text.memcpy   0x080052fc       0x12 C:/Users/danst/AppData/Local/Arduino15/packages/STMicroelectronics/tools/xpack-arm-none-eabi-gcc/14.2.1-1.1/bin/../lib/gcc/arm-none-eabi/14.2.1/../../../../arm-none-eabi/lib/thumb/v6-m/nofp\libc_nano.a(libc_a-memcpy-stub.o)
                0x080052fc                memcpy
 *fill*         0x0800530e        0x2 
 .text._free_r  0x08005310       0x94 C:/Users/danst/AppData/Local/Arduino15/packages/STMicroelectronics/tools/xpack-arm-none-eabi-gcc/14.2.1-1.1/bin/../lib/gcc/arm-none-eabi/14.2.1/../../../../arm-none-eabi/lib/thumb/v6-m/nofp\libc_nano.a(libc_a-freer.o)
                0x08005310                _free_r
 .text.sbrk_aligned
                0x080053a4       0x44 C:/Users/danst/AppData/Local/Arduino15/packages/STMicroelectronics/tools/xpack-arm-none-eabi-gcc/14.2.1-1.1/bin/../lib/gcc/arm-none-eabi/14.2.1/../../../../arm-none-eabi/lib/thumb/v6-m/nofp\libc_nano.a(libc_a-mallocr.o)
 .text._malloc_r
                0x080053e8      0x100 C:/Users/danst/AppData/Local/Arduino15/packages/STMicroelectronics/tools/xpack-arm-none-eabi-gcc/14.2.1-1.1/bin/../lib/gcc/arm-none-eabi/14.2.1/../../../../arm-none-eabi/lib/thumb/v6-m/nofp\libc_nano.a(libc_a-mallocr.o)
                0x080053e8                _malloc_r
 .text.__malloc_lock
                0x080054e8       0x10 C:/Users/danst/AppData/Local/Arduino15/packages/STMicroelectronics/tools/xpack-arm-none-eabi-gcc/14.2.1-1.1/bin/../lib/gcc/arm-none-eabi/14.2.1/../../../../arm-none-eabi/lib/thumb/v6-m/nofp\libc_nano.a(libc_a-mlock.o)
                0x080054e8                __malloc_lock
 .text.__malloc_unlock
                0x080054f8       0x10 C:/Users/danst/AppData/Local/Arduino15/packages/STMicroelectronics/tools/xpack-arm-none-eabi-gcc/14.2.1-1.1/bin/../lib/gcc/arm-none-eabi/14.2.1/../../../../arm-none-eabi/lib/thumb/v6-m/nofp\libc_nano.a(libc_a-mlock.o)
                0x080054f8                __malloc_unlock
 .text._sbrk_r  0x08005508       0x24 C:/Users/danst/AppData/Local/Arduino15/packages/STMicroelectronics/tools/xpack-arm-none-eabi-gcc/14.2.1-1.1/bin/../lib/gcc/arm-none-eabi/14.2.1/../../../../arm-none-eabi/lib/thumb/v6-m/nofp\libc_nano.a(libc_a-sbrkr.o)
                0x08005508                _sbrk_r
 .text.malloc   0x0800552c       0x14 C:/Users/danst/AppData/Local/Arduino15/packages/STMicroelectronics/tools/xpack-arm-none-eabi-gcc/14.2.1-1.1/bin/../lib/gcc/arm-none-eabi/14.2.1/../../../../arm-none-eabi/lib/thumb/v6-m/nofp\libc_nano.a(libc_a-malloc.o)
                0x0800552c                malloc
 .text.free     0x08005540       0x14 C:/Users/danst/AppData/Local/Arduino15/packages/STMicroelectronics/tools/xpack-arm-none-eabi-gcc/14.2.1-1.1/bin/../lib/gcc/arm-none-eabi/14.2.1/../../../../arm-none-eabi/lib/thumb/v6-m/nofp\libc_nano.a(libc_a-malloc.o)
                0x08005540                free
 .text._realloc_r
                0x08005554       0x60 C:/Users/danst/AppData/Local/Arduino15/packages/STMicroelectronics/tools/xpack-arm-none-eabi-gcc/14.2.1-1.1/bin/../lib/gcc/arm-none-eabi/14.2.1/../../../../arm-none-eabi/lib/thumb/v6-m/nofp\libc_nano.a(libc_a-reallocr.o)
                0x08005554                _realloc_r
 .text.abort    0x080055b4        0xe C:/Users/danst/AppData/Local/Arduino15/packages/STMicroelectronics/tools/xpack-arm-none-eabi-gcc/14.2.1-1.1/bin/../lib/gcc/arm-none-eabi/14.2.1/../../../../arm-none-eabi/lib/thumb/v6-m/nofp\libc_nano.a(libc_a-abort.o)
                0x080055b4                abort
 .text._malloc_usable_size_r
                0x080055c2       0x10 C:/Users/danst/AppData/Local/Arduino15/packages/STMicroelectronics/tools/xpack-arm-none-eabi-gcc/14.2.1-1.1/bin/../lib/gcc/arm-none-eabi/14.2.1/../../../../arm-none-eabi/lib/thumb/v6-m/nofp\libc_nano.a(libc_a-msizer.o)
                0x080055c2                _malloc_usable_size_r
 .text._raise_r
                0x080055d2       0x52 C:/Users/danst/AppData/Local/Arduino15/packages/STMicroelectronics/tools/xpack-arm-none-eabi-gcc/14.2.1-1.1/bin/../lib/gcc/arm-none-eabi/14.2.1/../../../../arm-none-eabi/lib/thumb/v6-m/nofp\libc_nano.a(libc_a-signal.o)
                0x080055d2                _raise_r
 .text.raise    0x08005624       0x14 C:/Users/danst/AppData/Local/Arduino15/packages/STMicroelectronics/tools/xpack-arm-none-eabi-gcc/14.2.1-1.1/bin/../lib/gcc/arm-none-eabi/14.2.1/../../../../arm-none-eabi/lib/thumb/v6-m/nofp\libc_nano.a(libc_a-signal.o)
                0x08005624                raise
 .text._kill_r  0x08005638       0x24 C:/Users/danst/AppData/Local/Arduino15/packages/STMicroelectronics/tools/xpack-arm-none-eabi-gcc/14.2.1-1.1/bin/../lib/gcc/arm-none-eabi/14.2.1/../../../../arm-none-eabi/lib/thumb/v6-m/nofp\libc_nano.a(libc_a-signalr.o)
                0x08005638                _kill_r
 .text._getpid_r
                0x0800565c        0x8 C:/Users/danst/AppData/Local/Arduino15/packages/STMicroelectronics/tools/xpack-arm-none-eabi-gcc/14.2.1-1.1/bin/../lib/gcc/arm-none-eabi/14.2.1/../../../../arm-none-eabi/lib/thumb/v6-m/nofp\libc_nano.a(libc_a-signalr.o)
                0x0800565c                _getpid_r
 .text.realloc  0x08005664       0x14 C:/Users/danst/AppData/Local/Arduino15/packages/STMicroelectronics/tools/xpack-arm-none-eabi-gcc/14.2.1-1.1/bin/../lib/gcc/arm-none-eabi/14.2.1/../../../../arm-none-eabi/lib/thumb/v6-m/nofp\libc_nano.a(libc_a-realloc.o)
                0x08005664                realloc
 .text.unlikely._ZSt25__throw_bad_function_callv
                0x08005678        0x6 C:/Users/danst/AppData/Local/Arduino15/packages/STMicroelectronics/tools/xpack-arm-none-eabi-gcc/14.2.1-1.1/bin/../lib/gcc/arm-none-eabi/14.2.1/../../../../arm-none-eabi/lib/thumb/v6-m/nofp\libstdc++_nano.a(functional.o)
                0x08005678                std::__throw_bad_function_call()
 *(.glue_7)
 .glue_7        0x0800567e        0x0 linker stubs
 *(.glue_7t)
 .glue_7t       0x0800567e        0x0 linker stubs
 *(.eh_frame)
 *fill*         0x0800567e        0x2 
 .eh_frame      0x08005680        0x0 C:/Users/danst/AppData/Local/Arduino15/packages/STMicroelectronics/tools/xpack-arm-none-eabi-gcc/14.2.1-1.1/bin/../lib/gcc/arm-none-eabi/14.2.1/thumb/v6-m/nofp/crtbegin.o
 *(.init)
 .init          0x08005680        0x4 C:/Users/danst/AppData/Local/Arduino15/packages/STMicroelectronics/tools/xpack-arm-none-eabi-gcc/14.2.1-1.1/bin/../lib/gcc/arm-none-eabi/14.2.1/thumb/v6-m/nofp/crti.o
                0x08005680                _init
 .init          0x08005684        0x8 C:/Users/danst/AppData/Local/Arduino15/packages/STMicroelectronics/tools/xpack-arm-none-eabi-gcc/14.2.1-1.1/bin/../lib/gcc/arm-none-eabi/14.2.1/thumb/v6-m/nofp/crtn.o
 *(.fini)
 .fini          0x0800568c        0x4 C:/Users/danst/AppData/Local/Arduino15/packages/STMicroelectronics/tools/xpack-arm-none-eabi-gcc/14.2.1-1.1/bin/../lib/gcc/arm-none-eabi/14.2.1/thumb/v6-m/nofp/crti.o
                0x0800568c                _fini
 .fini          0x08005690        0x8 C:/Users/danst/AppData/Local/Arduino15/packages/STMicroelectronics/tools/xpack-arm-none-eabi-gcc/14.2.1-1.1/bin/../lib/gcc/arm-none-eabi/14.2.1/thumb/v6-m/nofp/crtn.o
                0x08005698                        . = ALIGN (0x4)
                0x08005698                        _etext = .

.vfp11_veneer   0x08005698        0x0
 .vfp11_veneer  0x08005698        0x0 linker stubs

.v4_bx          0x08005698        0x0
 .v4_bx         0x08005698        0x0 linker stubs

.iplt           0x08005698        0x0
 .iplt          0x08005698        0x0 C:/Users/danst/AppData/Local/Arduino15/packages/STMicroelectronics/tools/xpack-arm-none-eabi-gcc/14.2.1-1.1/bin/../lib/gcc/arm-none-eabi/14.2.1/thumb/v6-m/nofp/crtbegin.o

.rodata         0x08005698      0xf14
                0x08005698                        . = ALIGN (0x4)
 *(.rodata)
 .rodata        0x08005698      0xecc C:\Users\danst\AppData\Local\Temp\cceewbMx.ltrans0.ltrans.o
 *(.rodata*)
 .rodata.str1.1
                0x08006564       0x48 C:\Users\danst\AppData\Local\Temp\cceewbMx.ltrans0.ltrans.o
                0x080065ac                        . = ALIGN (0x4)

.ARM.extab      0x080065ac        0x0
                0x080065ac                        . = ALIGN (0x4)
 *(.ARM.extab* .gnu.linkonce.armextab.*)
                0x080065ac                        . = ALIGN (0x4)

.ARM            0x080065ac        0x0
                0x080065ac                        . = ALIGN (0x4)
                0x080065ac                        __exidx_start = .
 *(.ARM.exidx*)
                0x080065ac                        __exidx_end = .
                0x080065ac                        . = ALIGN (0x4)

.preinit_array  0x080065ac        0x0
                0x080065ac                        . = ALIGN (0x4)
                0x080065ac                        PROVIDE (__preinit_array_start = .)
 *(.preinit_array*)
                0x080065ac                        PROVIDE (__preinit_array_end = .)
                0x080065ac                        . = ALIGN (0x4)

.init_array     0x080065ac        0xc
                0x080065ac                        . = ALIGN (0x4)
                0x080065ac                        PROVIDE (__init_array_start = .)
 *(SORT_BY_NAME(.init_array.*))
 .init_array.00101
                0x080065ac        0x4 C:\Users\danst\AppData\Local\Temp\cceewbMx.ltrans0.ltrans.o
 *(.init_array*)
 .init_array    0x080065b0        0x4 C:/Users/danst/AppData/Local/Arduino15/packages/STMicroelectronics/tools/xpack-arm-none-eabi-gcc/14.2.1-1.1/bin/../lib/gcc/arm-none-eabi/14.2.1/thumb/v6-m/nofp/crtbegin.o
 .init_array    0x080065b4        0x4 C:\Users\danst\AppData\Local\Temp\cceewbMx.ltrans0.ltrans.o
                0x080065b8                        PROVIDE (__init_array_end = .)
                0x080065b8                        . = ALIGN (0x4)

.fini_array     0x080065b8        0x8
                0x080065b8                        . = ALIGN (0x4)
                0x080065b8                        PROVIDE (__fini_array_start = .)
 *(SORT_BY_NAME(.fini_array.*))
 *(.fini_array*)
 .fini_array    0x080065b8        0x4 C:/Users/danst/AppData/Local/Arduino15/packages/STMicroelectronics/tools/xpack-arm-none-eabi-gcc/14.2.1-1.1/bin/../lib/gcc/arm-none-eabi/14.2.1/thumb/v6-m/nofp/crtbegin.o
 .fini_array    0x080065bc        0x4 C:\Users\danst\AppData\Local\Temp\cceewbMx.ltrans0.ltrans.o
                0x080065c0                        PROVIDE (__fini_array_end = .)
                0x080065c0                        . = ALIGN (0x4)
                0x080065c0                        _sidata = LOADADDR (.data)

.rel.dyn        0x080065c0        0x0
 .rel.iplt      0x080065c0        0x0 C:/Users/danst/AppData/Local/Arduino15/packages/STMicroelectronics/tools/xpack-arm-none-eabi-gcc/14.2.1-1.1/bin/../lib/gcc/arm-none-eabi/14.2.1/thumb/v6-m/nofp/crtbegin.o

.data           0x20000000      0x14c load address 0x080065c0
                0x20000000                        . = ALIGN (0x4)
                0x20000000                        _sdata = .
 *(.data)
 .data          0x20000000       0xfc C:\Users\danst\AppData\Local\Temp\cceewbMx.ltrans0.ltrans.o
 *(.data*)
 .data._impure_ptr
                0x200000fc        0x4 C:/Users/danst/AppData/Local/Arduino15/packages/STMicroelectronics/tools/xpack-arm-none-eabi-gcc/14.2.1-1.1/bin/../lib/gcc/arm-none-eabi/14.2.1/../../../../arm-none-eabi/lib/thumb/v6-m/nofp\libc_nano.a(libc_a-impure.o)
                0x200000fc                _impure_ptr
 .data._impure_data
                0x20000100       0x4c C:/Users/danst/AppData/Local/Arduino15/packages/STMicroelectronics/tools/xpack-arm-none-eabi-gcc/14.2.1-1.1/bin/../lib/gcc/arm-none-eabi/14.2.1/../../../../arm-none-eabi/lib/thumb/v6-m/nofp\libc_nano.a(libc_a-impure.o)
                0x20000100                _impure_data
 *(.RamFunc)
 *(.RamFunc*)
                0x2000014c                        . = ALIGN (0x4)
                0x2000014c                        _edata = .

.igot.plt       0x2000014c        0x0 load address 0x0800670c
 .igot.plt      0x2000014c        0x0 C:/Users/danst/AppData/Local/Arduino15/packages/STMicroelectronics/tools/xpack-arm-none-eabi-gcc/14.2.1-1.1/bin/../lib/gcc/arm-none-eabi/14.2.1/thumb/v6-m/nofp/crtbegin.o
                0x2000014c                        . = ALIGN (0x4)

.bss            0x2000014c      0x5ac load address 0x0800670c
                0x2000014c                        _sbss = .
                0x2000014c                        __bss_start__ = _sbss
 *(.bss)
 .bss           0x2000014c      0x448 C:\Users\danst\AppData\Local\Temp\cceewbMx.ltrans0.ltrans.o
 *(.bss*)
 .bss.completed.1
                0x20000594        0x1 C:/Users/danst/AppData/Local/Arduino15/packages/STMicroelectronics/tools/xpack-arm-none-eabi-gcc/14.2.1-1.1/bin/../lib/gcc/arm-none-eabi/14.2.1/thumb/v6-m/nofp/crtbegin.o
 *fill*         0x20000595        0x3 
 .bss.object.0  0x20000598       0x18 C:/Users/danst/AppData/Local/Arduino15/packages/STMicroelectronics/tools/xpack-arm-none-eabi-gcc/14.2.1-1.1/bin/../lib/gcc/arm-none-eabi/14.2.1/thumb/v6-m/nofp/crtbegin.o
 .bss.__sf      0x200005b0      0x138 C:/Users/danst/AppData/Local/Arduino15/packages/STMicroelectronics/tools/xpack-arm-none-eabi-gcc/14.2.1-1.1/bin/../lib/gcc/arm-none-eabi/14.2.1/../../../../arm-none-eabi/lib/thumb/v6-m/nofp\libc_nano.a(libc_a-findfp.o)
                0x200005b0                __sf
 .bss.errno     0x200006e8        0x4 C:/Users/danst/AppData/Local/Arduino15/packages/STMicroelectronics/tools/xpack-arm-none-eabi-gcc/14.2.1-1.1/bin/../lib/gcc/arm-none-eabi/14.2.1/../../../../arm-none-eabi/lib/thumb/v6-m/nofp\libc_nano.a(libc_a-reent.o)
                0x200006e8                errno
 .bss.__lock___malloc_recursive_mutex
                0x200006ec        0x1 C:/Users/danst/AppData/Local/Arduino15/packages/STMicroelectronics/tools/xpack-arm-none-eabi-gcc/14.2.1-1.1/bin/../lib/gcc/arm-none-eabi/14.2.1/../../../../arm-none-eabi/lib/thumb/v6-m/nofp\libc_nano.a(libc_a-lock.o)
                0x200006ec                __lock___malloc_recursive_mutex
 *fill*         0x200006ed        0x3 
 .bss.__malloc_sbrk_start
                0x200006f0        0x4 C:/Users/danst/AppData/Local/Arduino15/packages/STMicroelectronics/tools/xpack-arm-none-eabi-gcc/14.2.1-1.1/bin/../lib/gcc/arm-none-eabi/14.2.1/../../../../arm-none-eabi/lib/thumb/v6-m/nofp\libc_nano.a(libc_a-mallocr.o)
                0x200006f0                __malloc_sbrk_start
 .bss.__malloc_free_list
                0x200006f4        0x4 C:/Users/danst/AppData/Local/Arduino15/packages/STMicroelectronics/tools/xpack-arm-none-eabi-gcc/14.2.1-1.1/bin/../lib/gcc/arm-none-eabi/14.2.1/../../../../arm-none-eabi/lib/thumb/v6-m/nofp\libc_nano.a(libc_a-mallocr.o)
                0x200006f4                __malloc_free_list
 *(COMMON)
                0x200006f8                        . = ALIGN (0x4)
                0x200006f8                        _ebss = .
                0x200006f8                        __bss_end__ = _ebss
LOAD C:/Users/danst/AppData/Local/Arduino15/packages/STMicroelectronics/tools/xpack-arm-none-eabi-gcc/14.2.1-1.1/bin/../lib/gcc/arm-none-eabi/14.2.1/thumb/v6-m/nofp/crti.o
LOAD C:/Users/danst/AppData/Local/Arduino15/packages/STMicroelectronics/tools/xpack-arm-none-eabi-gcc/14.2.1-1.1/bin/../lib/gcc/arm-none-eabi/14.2.1/thumb/v6-m/nofp/crtbegin.o
LOAD C:/Users/danst/AppData/Local/Arduino15/packages/STMicroelectronics/tools/xpack-arm-none-eabi-gcc/14.2.1-1.1/bin/../lib/gcc/arm-none-eabi/14.2.1/../../../../arm-none-eabi/lib/thumb/v6-m/nofp/crt0.o
                0x00000000                        LD_FLASH_OFFSET = 0x0
                0x00008000                        LD_MAX_SIZE = 0x8000
                0x00003000                        LD_MAX_DATA_SIZE = 0x3000

.noinit         0x200006f8        0x0
                0x200006f8                        . = ALIGN (0x4)
                0x200006f8                        _snoinit = .
 *(.noinit)
 *(.noinit*)
                0x200006f8                        . = ALIGN (0x4)
                0x200006f8                        _enoinit = .

._user_heap_stack
                0x200006f8      0x600
                0x200006f8                        . = ALIGN (0x8)
                [!provide]                        PROVIDE (end = .)
                0x200006f8                        PROVIDE (_end = .)
                0x200008f8                        . = (. + _Min_Heap_Size)
 *fill*         0x200006f8      0x200 
                0x20000cf8                        . = (. + _Min_Stack_Size)
 *fill*         0x200008f8      0x400 
                0x20000cf8                        . = ALIGN (0x8)

/DISCARD/
 libc.a(*)
 libm.a(*)
 libgcc.a(*)

.ARM.attributes
                0x00000000       0x28
 *(.ARM.attributes)
 .ARM.attributes
                0x00000000       0x1e C:/Users/danst/AppData/Local/Arduino15/packages/STMicroelectronics/tools/xpack-arm-none-eabi-gcc/14.2.1-1.1/bin/../lib/gcc/arm-none-eabi/14.2.1/thumb/v6-m/nofp/crti.o
 .ARM.attributes
                0x0000001e       0x2c C:/Users/danst/AppData/Local/Arduino15/packages/STMicroelectronics/tools/xpack-arm-none-eabi-gcc/14.2.1-1.1/bin/../lib/gcc/arm-none-eabi/14.2.1/thumb/v6-m/nofp/crtbegin.o
 .ARM.attributes
                0x0000004a       0x2a C:\Users\danst\AppData\Local\Temp\cceewbMx.ltrans0.ltrans.o
 .ARM.attributes
                0x00000074       0x22 D:\4_kurs_sem1\CyberPhysics\practices\1\TrafficLight\build\core\core.a(startup_stm32yyxx.S.o)
 .ARM.attributes
                0x00000096       0x2c C:/Users/danst/AppData/Local/Arduino15/packages/STMicroelectronics/tools/xpack-arm-none-eabi-gcc/14.2.1-1.1/bin/../lib/gcc/arm-none-eabi/14.2.1/../../../../arm-none-eabi/lib/thumb/v6-m/nofp\libc_nano.a(libc_a-findfp.o)
 .ARM.attributes
                0x000000c2       0x2c C:/Users/danst/AppData/Local/Arduino15/packages/STMicroelectronics/tools/xpack-arm-none-eabi-gcc/14.2.1-1.1/bin/../lib/gcc/arm-none-eabi/14.2.1/../../../../arm-none-eabi/lib/thumb/v6-m/nofp\libc_nano.a(libc_a-memset.o)
 .ARM.attributes
                0x000000ee       0x2c C:/Users/danst/AppData/Local/Arduino15/packages/STMicroelectronics/tools/xpack-arm-none-eabi-gcc/14.2.1-1.1/bin/../lib/gcc/arm-none-eabi/14.2.1/../../../../arm-none-eabi/lib/thumb/v6-m/nofp\libc_nano.a(libc_a-reent.o)
 .ARM.attributes
                0x0000011a       0x2c C:/Users/danst/AppData/Local/Arduino15/packages/STMicroelectronics/tools/xpack-arm-none-eabi-gcc/14.2.1-1.1/bin/../lib/gcc/arm-none-eabi/14.2.1/../../../../arm-none-eabi/lib/thumb/v6-m/nofp\libc_nano.a(libc_a-impure.o)
 .ARM.attributes
                0x00000146       0x2c C:/Users/danst/AppData/Local/Arduino15/packages/STMicroelectronics/tools/xpack-arm-none-eabi-gcc/14.2.1-1.1/bin/../lib/gcc/arm-none-eabi/14.2.1/../../../../arm-none-eabi/lib/thumb/v6-m/nofp\libc_nano.a(libc_a-init.o)
 .ARM.attributes
                0x00000172       0x2c C:/Users/danst/AppData/Local/Arduino15/packages/STMicroelectronics/tools/xpack-arm-none-eabi-gcc/14.2.1-1.1/bin/../lib/gcc/arm-none-eabi/14.2.1/../../../../arm-none-eabi/lib/thumb/v6-m/nofp\libc_nano.a(libc_a-lock.o)
 .ARM.attributes
                0x0000019e       0x2c C:/Users/danst/AppData/Local/Arduino15/packages/STMicroelectronics/tools/xpack-arm-none-eabi-gcc/14.2.1-1.1/bin/../lib/gcc/arm-none-eabi/14.2.1/../../../../arm-none-eabi/lib/thumb/v6-m/nofp\libc_nano.a(libc_a-memcpy-stub.o)
 .ARM.attributes
                0x000001ca       0x2c C:/Users/danst/AppData/Local/Arduino15/packages/STMicroelectronics/tools/xpack-arm-none-eabi-gcc/14.2.1-1.1/bin/../lib/gcc/arm-none-eabi/14.2.1/../../../../arm-none-eabi/lib/thumb/v6-m/nofp\libc_nano.a(libc_a-freer.o)
 .ARM.attributes
                0x000001f6       0x2c C:/Users/danst/AppData/Local/Arduino15/packages/STMicroelectronics/tools/xpack-arm-none-eabi-gcc/14.2.1-1.1/bin/../lib/gcc/arm-none-eabi/14.2.1/../../../../arm-none-eabi/lib/thumb/v6-m/nofp\libc_nano.a(libc_a-mallocr.o)
 .ARM.attributes
                0x00000222       0x2c C:/Users/danst/AppData/Local/Arduino15/packages/STMicroelectronics/tools/xpack-arm-none-eabi-gcc/14.2.1-1.1/bin/../lib/gcc/arm-none-eabi/14.2.1/../../../../arm-none-eabi/lib/thumb/v6-m/nofp\libc_nano.a(libc_a-mlock.o)
 .ARM.attributes
                0x0000024e       0x2c C:/Users/danst/AppData/Local/Arduino15/packages/STMicroelectronics/tools/xpack-arm-none-eabi-gcc/14.2.1-1.1/bin/../lib/gcc/arm-none-eabi/14.2.1/../../../../arm-none-eabi/lib/thumb/v6-m/nofp\libc_nano.a(libc_a-sbrkr.o)
 .ARM.attributes
                0x0000027a       0x2c C:/Users/danst/AppData/Local/Arduino15/packages/STMicroelectronics/tools/xpack-arm-none-eabi-gcc/14.2.1-1.1/bin/../lib/gcc/arm-none-eabi/14.2.1/../../../../arm-none-eabi/lib/thumb/v6-m/nofp\libc_nano.a(libc_a-malloc.o)
 .ARM.attributes
                0x000002a6       0x2c C:/Users/danst/AppData/Local/Arduino15/packages/STMicroelectronics/tools/xpack-arm-none-eabi-gcc/14.2.1-1.1/bin/../lib/gcc/arm-none-eabi/14.2.1/../../../../arm-none-eabi/lib/thumb/v6-m/nofp\libc_nano.a(libc_a-reallocr.o)
 .ARM.attributes
                0x000002d2       0x2c C:/Users/danst/AppData/Local/Arduino15/packages/STMicroelectronics/tools/xpack-arm-none-eabi-gcc/14.2.1-1.1/bin/../lib/gcc/arm-none-eabi/14.2.1/../../../../arm-none-eabi/lib/thumb/v6-m/nofp\libc_nano.a(libc_a-abort.o)
 .ARM.attributes
                0x000002fe       0x2c C:/Users/danst/AppData/Local/Arduino15/packages/STMicroelectronics/tools/xpack-arm-none-eabi-gcc/14.2.1-1.1/bin/../lib/gcc/arm-none-eabi/14.2.1/../../../../arm-none-eabi/lib/thumb/v6-m/nofp\libc_nano.a(libc_a-msizer.o)
 .ARM.attributes
                0x0000032a       0x2c C:/Users/danst/AppData/Local/Arduino15/packages/STMicroelectronics/tools/xpack-arm-none-eabi-gcc/14.2.1-1.1/bin/../lib/gcc/arm-none-eabi/14.2.1/../../../../arm-none-eabi/lib/thumb/v6-m/nofp\libc_nano.a(libc_a-signal.o)
 .ARM.attributes
                0x00000356       0x2c C:/Users/danst/AppData/Local/Arduino15/packages/STMicroelectronics/tools/xpack-arm-none-eabi-gcc/14.2.1-1.1/bin/../lib/gcc/arm-none-eabi/14.2.1/../../../../arm-none-eabi/lib/thumb/v6-m/nofp\libc_nano.a(libc_a-signalr.o)
 .ARM.attributes
                0x00000382       0x2c C:/Users/danst/AppData/Local/Arduino15/packages/STMicroelectronics/tools/xpack-arm-none-eabi-gcc/14.2.1-1.1/bin/../lib/gcc/arm-none-eabi/14.2.1/../../../../arm-none-eabi/lib/thumb/v6-m/nofp\libc_nano.a(libc_a-realloc.o)
 .ARM.attributes
                0x000003ae       0x1c C:/Users/danst/AppData/Local/Arduino15/packages/STMicroelectronics/tools/xpack-arm-none-eabi-gcc/14.2.1-1.1/bin/../lib/gcc/arm-none-eabi/14.2.1/../../../../arm-none-eabi/lib/thumb/v6-m/nofp\libc_nano.a(libc_a-strlen.o)
 .ARM.attributes
                0x000003ca       0x1e C:/Users/danst/AppData/Local/Arduino15/packages/STMicroelectronics/tools/xpack-arm-none-eabi-gcc/14.2.1-1.1/bin/../lib/gcc/arm-none-eabi/14.2.1/thumb/v6-m/nofp\libgcc.a(_thumb1_case_uqi.o)
 .ARM.attributes
                0x000003e8       0x1e C:/Users/danst/AppData/Local/Arduino15/packages/STMicroelectronics/tools/xpack-arm-none-eabi-gcc/14.2.1-1.1/bin/../lib/gcc/arm-none-eabi/14.2.1/thumb/v6-m/nofp\libgcc.a(_udivsi3.o)
 .ARM.attributes
                0x00000406       0x1e C:/Users/danst/AppData/Local/Arduino15/packages/STMicroelectronics/tools/xpack-arm-none-eabi-gcc/14.2.1-1.1/bin/../lib/gcc/arm-none-eabi/14.2.1/thumb/v6-m/nofp\libgcc.a(_dvmd_tls.o)
 .ARM.attributes
                0x00000424       0x2c C:/Users/danst/AppData/Local/Arduino15/packages/STMicroelectronics/tools/xpack-arm-none-eabi-gcc/14.2.1-1.1/bin/../lib/gcc/arm-none-eabi/14.2.1/../../../../arm-none-eabi/lib/thumb/v6-m/nofp\libstdc++_nano.a(functional.o)
 .ARM.attributes
                0x00000450       0x1e C:/Users/danst/AppData/Local/Arduino15/packages/STMicroelectronics/tools/xpack-arm-none-eabi-gcc/14.2.1-1.1/bin/../lib/gcc/arm-none-eabi/14.2.1/thumb/v6-m/nofp/crtn.o
OUTPUT(D:\4_kurs_sem1\CyberPhysics\practices\1\TrafficLight\build/TrafficLight.ino.elf elf32-littlearm)
LOAD linker stubs
LOAD C:/Users/danst/AppData/Local/Arduino15/packages/STMicroelectronics/tools/xpack-arm-none-eabi-gcc/14.2.1-1.1/bin/../lib/gcc/arm-none-eabi/14.2.1/../../../../arm-none-eabi/lib/thumb/v6-m/nofp\libc.a
LOAD C:/Users/danst/AppData/Local/Arduino15/packages/STMicroelectronics/tools/xpack-arm-none-eabi-gcc/14.2.1-1.1/bin/../lib/gcc/arm-none-eabi/14.2.1/../../../../arm-none-eabi/lib/thumb/v6-m/nofp\libm.a
LOAD C:/Users/danst/AppData/Local/Arduino15/packages/STMicroelectronics/tools/xpack-arm-none-eabi-gcc/14.2.1-1.1/bin/../lib/gcc/arm-none-eabi/14.2.1/thumb/v6-m/nofp\libgcc.a

.comment        0x00000000       0x39
 .comment       0x00000000       0x39 C:/Users/danst/AppData/Local/Arduino15/packages/STMicroelectronics/tools/xpack-arm-none-eabi-gcc/14.2.1-1.1/bin/../lib/gcc/arm-none-eabi/14.2.1/thumb/v6-m/nofp/crtbegin.o
                                 0x3a (size before relaxing)
 .comment       0x00000039       0x3a C:\Users\danst\AppData\Local\Temp\cceewbMx.ltrans0.ltrans.o
 .comment       0x00000039       0x3a C:/Users/danst/AppData/Local/Arduino15/packages/STMicroelectronics/tools/xpack-arm-none-eabi-gcc/14.2.1-1.1/bin/../lib/gcc/arm-none-eabi/14.2.1/../../../../arm-none-eabi/lib/thumb/v6-m/nofp\libc_nano.a(libc_a-findfp.o)
 .comment       0x00000039       0x3a C:/Users/danst/AppData/Local/Arduino15/packages/STMicroelectronics/tools/xpack-arm-none-eabi-gcc/14.2.1-1.1/bin/../lib/gcc/arm-none-eabi/14.2.1/../../../../arm-none-eabi/lib/thumb/v6-m/nofp\libc_nano.a(libc_a-memset.o)
 .comment       0x00000039       0x3a C:/Users/danst/AppData/Local/Arduino15/packages/STMicroelectronics/tools/xpack-arm-none-eabi-gcc/14.2.1-1.1/bin/../lib/gcc/arm-none-eabi/14.2.1/../../../../arm-none-eabi/lib/thumb/v6-m/nofp\libc_nano.a(libc_a-reent.o)
 .comment       0x00000039       0x3a C:/Users/danst/AppData/Local/Arduino15/packages/STMicroelectronics/tools/xpack-arm-none-eabi-gcc/14.2.1-1.1/bin/../lib/gcc/arm-none-eabi/14.2.1/../../../../arm-none-eabi/lib/thumb/v6-m/nofp\libc_nano.a(libc_a-impure.o)
 .comment       0x00000039       0x3a C:/Users/danst/AppData/Local/Arduino15/packages/STMicroelectronics/tools/xpack-arm-none-eabi-gcc/14.2.1-1.1/bin/../lib/gcc/arm-none-eabi/14.2.1/../../../../arm-none-eabi/lib/thumb/v6-m/nofp\libc_nano.a(libc_a-init.o)
 .comment       0x00000039       0x3a C:/Users/danst/AppData/Local/Arduino15/packages/STMicroelectronics/tools/xpack-arm-none-eabi-gcc/14.2.1-1.1/bin/../lib/gcc/arm-none-eabi/14.2.1/../../../../arm-none-eabi/lib/thumb/v6-m/nofp\libc_nano.a(libc_a-lock.o)
 .comment       0x00000039       0x3a C:/Users/danst/AppData/Local/Arduino15/packages/STMicroelectronics/tools/xpack-arm-none-eabi-gcc/14.2.1-1.1/bin/../lib/gcc/arm-none-eabi/14.2.1/../../../../arm-none-eabi/lib/thumb/v6-m/nofp\libc_nano.a(libc_a-memcpy-stub.o)
 .comment       0x00000039       0x3a C:/Users/danst/AppData/Local/Arduino15/packages/STMicroelectronics/tools/xpack-arm-none-eabi-gcc/14.2.1-1.1/bin/../lib/gcc/arm-none-eabi/14.2.1/../../../../arm-none-eabi/lib/thumb/v6-m/nofp\libc_nano.a(libc_a-freer.o)
 .comment       0x00000039       0x3a C:/Users/danst/AppData/Local/Arduino15/packages/STMicroelectronics/tools/xpack-arm-none-eabi-gcc/14.2.1-1.1/bin/../lib/gcc/arm-none-eabi/14.2.1/../../../../arm-none-eabi/lib/thumb/v6-m/nofp\libc_nano.a(libc_a-mallocr.o)
 .comment       0x00000039       0x3a C:/Users/danst/AppData/Local/Arduino15/packages/STMicroelectronics/tools/xpack-arm-none-eabi-gcc/14.2.1-1.1/bin/../lib/gcc/arm-none-eabi/14.2.1/../../../../arm-none-eabi/lib/thumb/v6-m/nofp\libc_nano.a(libc_a-mlock.o)
 .comment       0x00000039       0x3a C:/Users/danst/AppData/Local/Arduino15/packages/STMicroelectronics/tools/xpack-arm-none-eabi-gcc/14.2.1-1.1/bin/../lib/gcc/arm-none-eabi/14.2.1/../../../../arm-none-eabi/lib/thumb/v6-m/nofp\libc_nano.a(libc_a-sbrkr.o)
 .comment       0x00000039       0x3a C:/Users/danst/AppData/Local/Arduino15/packages/STMicroelectronics/tools/xpack-arm-none-eabi-gcc/14.2.1-1.1/bin/../lib/gcc/arm-none-eabi/14.2.1/../../../../arm-none-eabi/lib/thumb/v6-m/nofp\libc_nano.a(libc_a-malloc.o)
 .comment       0x00000039       0x3a C:/Users/danst/AppData/Local/Arduino15/packages/STMicroelectronics/tools/xpack-arm-none-eabi-gcc/14.2.1-1.1/bin/../lib/gcc/arm-none-eabi/14.2.1/../../../../arm-none-eabi/lib/thumb/v6-m/nofp\libc_nano.a(libc_a-reallocr.o)
 .comment       0x00000039       0x3a C:/Users/danst/AppData/Local/Arduino15/packages/STMicroelectronics/tools/xpack-arm-none-eabi-gcc/14.2.1-1.1/bin/../lib/gcc/arm-none-eabi/14.2.1/../../../../arm-none-eabi/lib/thumb/v6-m/nofp\libc_nano.a(libc_a-abort.o)
 .comment       0x00000039       0x3a C:/Users/danst/AppData/Local/Arduino15/packages/STMicroelectronics/tools/xpack-arm-none-eabi-gcc/14.2.1-1.1/bin/../lib/gcc/arm-none-eabi/14.2.1/../../../../arm-none-eabi/lib/thumb/v6-m/nofp\libc_nano.a(libc_a-msizer.o)
 .comment       0x00000039       0x3a C:/Users/danst/AppData/Local/Arduino15/packages/STMicroelectronics/tools/xpack-arm-none-eabi-gcc/14.2.1-1.1/bin/../lib/gcc/arm-none-eabi/14.2.1/../../../../arm-none-eabi/lib/thumb/v6-m/nofp\libc_nano.a(libc_a-signal.o)
 .comment       0x00000039       0x3a C:/Users/danst/AppData/Local/Arduino15/packages/STMicroelectronics/tools/xpack-arm-none-eabi-gcc/14.2.1-1.1/bin/../lib/gcc/arm-none-eabi/14.2.1/../../../../arm-none-eabi/lib/thumb/v6-m/nofp\libc_nano.a(libc_a-signalr.o)
 .comment       0x00000039       0x3a C:/Users/danst/AppData/Local/Arduino15/packages/STMicroelectronics/tools/xpack-arm-none-eabi-gcc/14.2.1-1.1/bin/../lib/gcc/arm-none-eabi/14.2.1/../../../../arm-none-eabi/lib/thumb/v6-m/nofp\libc_nano.a(libc_a-realloc.o)
 .comment       0x00000039       0x3a C:/Users/danst/AppData/Local/Arduino15/packages/STMicroelectronics/tools/xpack-arm-none-eabi-gcc/14.2.1-1.1/bin/../lib/gcc/arm-none-eabi/14.2.1/../../../../arm-none-eabi/lib/thumb/v6-m/nofp\libstdc++_nano.a(functional.o)

.debug_line     0x00000000       0xf2
 .debug_line    0x00000000       0x52 C:/Users/danst/AppData/Local/Arduino15/packages/STMicroelectronics/tools/xpack-arm-none-eabi-gcc/14.2.1-1.1/bin/../lib/gcc/arm-none-eabi/14.2.1/thumb/v6-m/nofp\libgcc.a(_thumb1_case_uqi.o)
 .debug_line    0x00000052       0x56 C:/Users/danst/AppData/Local/Arduino15/packages/STMicroelectronics/tools/xpack-arm-none-eabi-gcc/14.2.1-1.1/bin/../lib/gcc/arm-none-eabi/14.2.1/thumb/v6-m/nofp\libgcc.a(_udivsi3.o)
 .debug_line    0x000000a8       0x4a C:/Users/danst/AppData/Local/Arduino15/packages/STMicroelectronics/tools/xpack-arm-none-eabi-gcc/14.2.1-1.1/bin/../lib/gcc/arm-none-eabi/14.2.1/thumb/v6-m/nofp\libgcc.a(_dvmd_tls.o)

.debug_line_str
                0x00000000      0x12c
 .debug_line_str
                0x00000000      0x12c C:/Users/danst/AppData/Local/Arduino15/packages/STMicroelectronics/tools/xpack-arm-none-eabi-gcc/14.2.1-1.1/bin/../lib/gcc/arm-none-eabi/14.2.1/thumb/v6-m/nofp\libgcc.a(_thumb1_case_uqi.o)
 .debug_line_str
                0x0000012c      0x12c C:/Users/danst/AppData/Local/Arduino15/packages/STMicroelectronics/tools/xpack-arm-none-eabi-gcc/14.2.1-1.1/bin/../lib/gcc/arm-none-eabi/14.2.1/thumb/v6-m/nofp\libgcc.a(_udivsi3.o)
 .debug_line_str
                0x0000012c      0x12c C:/Users/danst/AppData/Local/Arduino15/packages/STMicroelectronics/tools/xpack-arm-none-eabi-gcc/14.2.1-1.1/bin/../lib/gcc/arm-none-eabi/14.2.1/thumb/v6-m/nofp\libgcc.a(_dvmd_tls.o)

.debug_info     0x00000000       0xab
 .debug_info    0x00000000       0x31 C:/Users/danst/AppData/Local/Arduino15/packages/STMicroelectronics/tools/xpack-arm-none-eabi-gcc/14.2.1-1.1/bin/../lib/gcc/arm-none-eabi/14.2.1/thumb/v6-m/nofp\libgcc.a(_thumb1_case_uqi.o)
 .debug_info    0x00000031       0x3e C:/Users/danst/AppData/Local/Arduino15/packages/STMicroelectronics/tools/xpack-arm-none-eabi-gcc/14.2.1-1.1/bin/../lib/gcc/arm-none-eabi/14.2.1/thumb/v6-m/nofp\libgcc.a(_udivsi3.o)
 .debug_info    0x0000006f       0x3c C:/Users/danst/AppData/Local/Arduino15/packages/STMicroelectronics/tools/xpack-arm-none-eabi-gcc/14.2.1-1.1/bin/../lib/gcc/arm-none-eabi/14.2.1/thumb/v6-m/nofp\libgcc.a(_dvmd_tls.o)

.debug_abbrev   0x00000000       0x76
 .debug_abbrev  0x00000000       0x28 C:/Users/danst/AppData/Local/Arduino15/packages/STMicroelectronics/tools/xpack-arm-none-eabi-gcc/14.2.1-1.1/bin/../lib/gcc/arm-none-eabi/14.2.1/thumb/v6-m/nofp\libgcc.a(_thumb1_case_uqi.o)
 .debug_abbrev  0x00000028       0x28 C:/Users/danst/AppData/Local/Arduino15/packages/STMicroelectronics/tools/xpack-arm-none-eabi-gcc/14.2.1-1.1/bin/../lib/gcc/arm-none-eabi/14.2.1/thumb/v6-m/nofp\libgcc.a(_udivsi3.o)
 .debug_abbrev  0x00000050       0x26 C:/Users/danst/AppData/Local/Arduino15/packages/STMicroelectronics/tools/xpack-arm-none-eabi-gcc/14.2.1-1.1/bin/../lib/gcc/arm-none-eabi/14.2.1/thumb/v6-m/nofp\libgcc.a(_dvmd_tls.o)

.debug_aranges  0x00000000       0x60
 .debug_aranges
                0x00000000       0x20 C:/Users/danst/AppData/Local/Arduino15/packages/STMicroelectronics/tools/xpack-arm-none-eabi-gcc/14.2.1-1.1/bin/../lib/gcc/arm-none-eabi/14.2.1/thumb/v6-m/nofp\libgcc.a(_thumb1_case_uqi.o)
 .debug_aranges
                0x00000020       0x20 C:/Users/danst/AppData/Local/Arduino15/packages/STMicroelectronics/tools/xpack-arm-none-eabi-gcc/14.2.1-1.1/bin/../lib/gcc/arm-none-eabi/14.2.1/thumb/v6-m/nofp\libgcc.a(_udivsi3.o)
 .debug_aranges
                0x00000040       0x20 C:/Users/danst/AppData/Local/Arduino15/packages/STMicroelectronics/tools/xpack-arm-none-eabi-gcc/14.2.1-1.1/bin/../lib/gcc/arm-none-eabi/14.2.1/thumb/v6-m/nofp\libgcc.a(_dvmd_tls.o)

.debug_str      0x00000000      0x187
 .debug_str     0x00000000      0x187 C:/Users/danst/AppData/Local/Arduino15/packages/STMicroelectronics/tools/xpack-arm-none-eabi-gcc/14.2.1-1.1/bin/../lib/gcc/arm-none-eabi/14.2.1/thumb/v6-m/nofp\libgcc.a(_thumb1_case_uqi.o)
                                0x150 (size before relaxing)
 .debug_str     0x00000187      0x155 C:/Users/danst/AppData/Local/Arduino15/packages/STMicroelectronics/tools/xpack-arm-none-eabi-gcc/14.2.1-1.1/bin/../lib/gcc/arm-none-eabi/14.2.1/thumb/v6-m/nofp\libgcc.a(_udivsi3.o)
 .debug_str     0x00000187      0x156 C:/Users/danst/AppData/Local/Arduino15/packages/STMicroelectronics/tools/xpack-arm-none-eabi-gcc/14.2.1-1.1/bin/../lib/gcc/arm-none-eabi/14.2.1/thumb/v6-m/nofp\libgcc.a(_dvmd_tls.o)

.debug_frame    0x00000000       0x20
 .debug_frame   0x00000000       0x20 C:/Users/danst/AppData/Local/Arduino15/packages/STMicroelectronics/tools/xpack-arm-none-eabi-gcc/14.2.1-1.1/bin/../lib/gcc/arm-none-eabi/14.2.1/thumb/v6-m/nofp\libgcc.a(_udivsi3.o)

Cross Reference Table

Symbol                                            File
ADC1_IRQHandler                                   D:\4_kurs_sem1\CyberPhysics\practices\1\TrafficLight\build\core\core.a(startup_stm32yyxx.S.o)
ADC_ConversionStop                                D:\4_kurs_sem1\CyberPhysics\practices\1\TrafficLight\build\libraries\SrcWrapper\HAL\stm32yyxx_hal_adc.c.o (symbol from plugin)
ADC_Disable                                       D:\4_kurs_sem1\CyberPhysics\practices\1\TrafficLight\build\libraries\SrcWrapper\HAL\stm32yyxx_hal_adc.c.o (symbol from plugin)
                                                  D:\4_kurs_sem1\CyberPhysics\practices\1\TrafficLight\build\libraries\SrcWrapper\HAL\stm32yyxx_hal_adc_ex.c.o (symbol from plugin)
ADC_Enable                                        D:\4_kurs_sem1\CyberPhysics\practices\1\TrafficLight\build\libraries\SrcWrapper\HAL\stm32yyxx_hal_adc.c.o (symbol from plugin)
AHBPrescTable                                     D:\4_kurs_sem1\CyberPhysics\practices\1\TrafficLight\build\libraries\SrcWrapper\stm32\system_stm32yyxx.c.o (symbol from plugin)
                                                  D:\4_kurs_sem1\CyberPhysics\practices\1\TrafficLight\build\libraries\SrcWrapper\LL\stm32yyxx_ll_rcc.c.o (symbol from plugin)
                                                  D:\4_kurs_sem1\CyberPhysics\practices\1\TrafficLight\build\libraries\SrcWrapper\HAL\stm32yyxx_hal_rcc.c.o (symbol from plugin)
APBPrescTable                                     D:\4_kurs_sem1\CyberPhysics\practices\1\TrafficLight\build\libraries\SrcWrapper\stm32\system_stm32yyxx.c.o (symbol from plugin)
                                                  D:\4_kurs_sem1\CyberPhysics\practices\1\TrafficLight\build\libraries\SrcWrapper\LL\stm32yyxx_ll_rcc.c.o (symbol from plugin)
                                                  D:\4_kurs_sem1\CyberPhysics\practices\1\TrafficLight\build\libraries\SrcWrapper\HAL\stm32yyxx_hal_rcc.c.o (symbol from plugin)
Adafruit_BusIO_Register::Adafruit_BusIO_Register(Adafruit_GenericDevice*, unsigned short, unsigned char, unsigned char, unsigned char) D:\4_kurs_sem1\CyberPhysics\practices\1\TrafficLight\build\libraries\Adafruit_BusIO\Adafruit_BusIO_Register.cpp.o (symbol from plugin)
Adafruit_BusIO_Register::Adafruit_BusIO_Register(Adafruit_GenericDevice*, unsigned short, unsigned char, unsigned char, unsigned char) D:\4_kurs_sem1\CyberPhysics\practices\1\TrafficLight\build\libraries\Adafruit_BusIO\Adafruit_BusIO_Register.cpp.o (symbol from plugin)
Adafruit_BusIO_Register::Adafruit_BusIO_Register(Adafruit_I2CDevice*, Adafruit_SPIDevice*, _Adafruit_BusIO_SPIRegType, unsigned short, unsigned char, unsigned char, unsigned char) D:\4_kurs_sem1\CyberPhysics\practices\1\TrafficLight\build\libraries\Adafruit_BusIO\Adafruit_BusIO_Register.cpp.o (symbol from plugin)
Adafruit_BusIO_Register::Adafruit_BusIO_Register(Adafruit_I2CDevice*, Adafruit_SPIDevice*, _Adafruit_BusIO_SPIRegType, unsigned short, unsigned char, unsigned char, unsigned char) D:\4_kurs_sem1\CyberPhysics\practices\1\TrafficLight\build\libraries\Adafruit_BusIO\Adafruit_BusIO_Register.cpp.o (symbol from plugin)
Adafruit_BusIO_Register::Adafruit_BusIO_Register(Adafruit_I2CDevice*, unsigned short, unsigned char, unsigned char, unsigned char) D:\4_kurs_sem1\CyberPhysics\practices\1\TrafficLight\build\libraries\Adafruit_BusIO\Adafruit_BusIO_Register.cpp.o (symbol from plugin)
Adafruit_BusIO_Register::Adafruit_BusIO_Register(Adafruit_I2CDevice*, unsigned short, unsigned char, unsigned char, unsigned char) D:\4_kurs_sem1\CyberPhysics\practices\1\TrafficLight\build\libraries\Adafruit_BusIO\Adafruit_BusIO_Register.cpp.o (symbol from plugin)
Adafruit_BusIO_Register::Adafruit_BusIO_Register(Adafruit_SPIDevice*, unsigned short, _Adafruit_BusIO_SPIRegType, unsigned char, unsigned char, unsigned char) D:\4_kurs_sem1\CyberPhysics\practices\1\TrafficLight\build\libraries\Adafruit_BusIO\Adafruit_BusIO_Register.cpp.o (symbol from plugin)
Adafruit_BusIO_Register::Adafruit_BusIO_Register(Adafruit_SPIDevice*, unsigned short, _Adafruit_BusIO_SPIRegType, unsigned char, unsigned char, unsigned char) D:\4_kurs_sem1\CyberPhysics\practices\1\TrafficLight\build\libraries\Adafruit_BusIO\Adafruit_BusIO_Register.cpp.o (symbol from plugin)
Adafruit_BusIO_Register::print(Stream*)           D:\4_kurs_sem1\CyberPhysics\practices\1\TrafficLight\build\libraries\Adafruit_BusIO\Adafruit_BusIO_Register.cpp.o (symbol from plugin)
Adafruit_BusIO_Register::println(Stream*)         D:\4_kurs_sem1\CyberPhysics\practices\1\TrafficLight\build\libraries\Adafruit_BusIO\Adafruit_BusIO_Register.cpp.o (symbol from plugin)
Adafruit_BusIO_Register::read()                   D:\4_kurs_sem1\CyberPhysics\practices\1\TrafficLight\build\libraries\Adafruit_BusIO\Adafruit_BusIO_Register.cpp.o (symbol from plugin)
Adafruit_BusIO_Register::read(unsigned char*)     D:\4_kurs_sem1\CyberPhysics\practices\1\TrafficLight\build\libraries\Adafruit_BusIO\Adafruit_BusIO_Register.cpp.o (symbol from plugin)
Adafruit_BusIO_Register::read(unsigned char*, unsigned char) D:\4_kurs_sem1\CyberPhysics\practices\1\TrafficLight\build\libraries\Adafruit_BusIO\Adafruit_BusIO_Register.cpp.o (symbol from plugin)
Adafruit_BusIO_Register::read(unsigned short*)    D:\4_kurs_sem1\CyberPhysics\practices\1\TrafficLight\build\libraries\Adafruit_BusIO\Adafruit_BusIO_Register.cpp.o (symbol from plugin)
Adafruit_BusIO_Register::readCached()             D:\4_kurs_sem1\CyberPhysics\practices\1\TrafficLight\build\libraries\Adafruit_BusIO\Adafruit_BusIO_Register.cpp.o (symbol from plugin)
Adafruit_BusIO_Register::setAddress(unsigned short) D:\4_kurs_sem1\CyberPhysics\practices\1\TrafficLight\build\libraries\Adafruit_BusIO\Adafruit_BusIO_Register.cpp.o (symbol from plugin)
Adafruit_BusIO_Register::setAddressWidth(unsigned short) D:\4_kurs_sem1\CyberPhysics\practices\1\TrafficLight\build\libraries\Adafruit_BusIO\Adafruit_BusIO_Register.cpp.o (symbol from plugin)
Adafruit_BusIO_Register::setWidth(unsigned char)  D:\4_kurs_sem1\CyberPhysics\practices\1\TrafficLight\build\libraries\Adafruit_BusIO\Adafruit_BusIO_Register.cpp.o (symbol from plugin)
Adafruit_BusIO_Register::width()                  D:\4_kurs_sem1\CyberPhysics\practices\1\TrafficLight\build\libraries\Adafruit_BusIO\Adafruit_BusIO_Register.cpp.o (symbol from plugin)
Adafruit_BusIO_Register::write(unsigned char*, unsigned char) D:\4_kurs_sem1\CyberPhysics\practices\1\TrafficLight\build\libraries\Adafruit_BusIO\Adafruit_BusIO_Register.cpp.o (symbol from plugin)
Adafruit_BusIO_Register::write(unsigned long, unsigned char) D:\4_kurs_sem1\CyberPhysics\practices\1\TrafficLight\build\libraries\Adafruit_BusIO\Adafruit_BusIO_Register.cpp.o (symbol from plugin)
Adafruit_BusIO_RegisterBits::Adafruit_BusIO_RegisterBits(Adafruit_BusIO_Register*, unsigned char, unsigned char) D:\4_kurs_sem1\CyberPhysics\practices\1\TrafficLight\build\libraries\Adafruit_BusIO\Adafruit_BusIO_Register.cpp.o (symbol from plugin)
Adafruit_BusIO_RegisterBits::Adafruit_BusIO_RegisterBits(Adafruit_BusIO_Register*, unsigned char, unsigned char) D:\4_kurs_sem1\CyberPhysics\practices\1\TrafficLight\build\libraries\Adafruit_BusIO\Adafruit_BusIO_Register.cpp.o (symbol from plugin)
Adafruit_BusIO_RegisterBits::read()               D:\4_kurs_sem1\CyberPhysics\practices\1\TrafficLight\build\libraries\Adafruit_BusIO\Adafruit_BusIO_Register.cpp.o (symbol from plugin)
Adafruit_BusIO_RegisterBits::write(unsigned long) D:\4_kurs_sem1\CyberPhysics\practices\1\TrafficLight\build\libraries\Adafruit_BusIO\Adafruit_BusIO_Register.cpp.o (symbol from plugin)
Adafruit_GFX::Adafruit_GFX(short, short)          D:\4_kurs_sem1\CyberPhysics\practices\1\TrafficLight\build\libraries\Adafruit_GFX_Library\Adafruit_GFX.cpp.o (symbol from plugin)
Adafruit_GFX::Adafruit_GFX(short, short)          D:\4_kurs_sem1\CyberPhysics\practices\1\TrafficLight\build\libraries\Adafruit_GFX_Library\Adafruit_GFX.cpp.o (symbol from plugin)
                                                  D:\4_kurs_sem1\CyberPhysics\practices\1\TrafficLight\build\libraries\Adafruit_GFX_Library\Adafruit_SPITFT.cpp.o (symbol from plugin)
                                                  D:\4_kurs_sem1\CyberPhysics\practices\1\TrafficLight\build\libraries\Adafruit_GFX_Library\Adafruit_GrayOLED.cpp.o (symbol from plugin)
Adafruit_GFX::charBounds(unsigned char, short*, short*, short*, short*, short*, short*) D:\4_kurs_sem1\CyberPhysics\practices\1\TrafficLight\build\libraries\Adafruit_GFX_Library\Adafruit_GFX.cpp.o (symbol from plugin)
Adafruit_GFX::drawBitmap(short, short, unsigned char const*, short, short, unsigned short) D:\4_kurs_sem1\CyberPhysics\practices\1\TrafficLight\build\libraries\Adafruit_GFX_Library\Adafruit_GFX.cpp.o (symbol from plugin)
Adafruit_GFX::drawBitmap(short, short, unsigned char const*, short, short, unsigned short, unsigned short) D:\4_kurs_sem1\CyberPhysics\practices\1\TrafficLight\build\libraries\Adafruit_GFX_Library\Adafruit_GFX.cpp.o (symbol from plugin)
Adafruit_GFX::drawBitmap(short, short, unsigned char*, short, short, unsigned short) D:\4_kurs_sem1\CyberPhysics\practices\1\TrafficLight\build\libraries\Adafruit_GFX_Library\Adafruit_GFX.cpp.o (symbol from plugin)
Adafruit_GFX::drawBitmap(short, short, unsigned char*, short, short, unsigned short, unsigned short) D:\4_kurs_sem1\CyberPhysics\practices\1\TrafficLight\build\libraries\Adafruit_GFX_Library\Adafruit_GFX.cpp.o (symbol from plugin)
Adafruit_GFX::drawChar(short, short, unsigned char, unsigned short, unsigned short, unsigned char) D:\4_kurs_sem1\CyberPhysics\practices\1\TrafficLight\build\libraries\Adafruit_GFX_Library\Adafruit_GFX.cpp.o (symbol from plugin)
Adafruit_GFX::drawChar(short, short, unsigned char, unsigned short, unsigned short, unsigned char, unsigned char) D:\4_kurs_sem1\CyberPhysics\practices\1\TrafficLight\build\libraries\Adafruit_GFX_Library\Adafruit_GFX.cpp.o (symbol from plugin)
Adafruit_GFX::drawCircle(short, short, short, unsigned short) D:\4_kurs_sem1\CyberPhysics\practices\1\TrafficLight\build\libraries\Adafruit_GFX_Library\Adafruit_GFX.cpp.o (symbol from plugin)
Adafruit_GFX::drawCircleHelper(short, short, short, unsigned char, unsigned short) D:\4_kurs_sem1\CyberPhysics\practices\1\TrafficLight\build\libraries\Adafruit_GFX_Library\Adafruit_GFX.cpp.o (symbol from plugin)
Adafruit_GFX::drawFastHLine(short, short, short, unsigned short) D:\4_kurs_sem1\CyberPhysics\practices\1\TrafficLight\build\libraries\Adafruit_GFX_Library\Adafruit_GFX.cpp.o (symbol from plugin)
                                                  D:\4_kurs_sem1\CyberPhysics\practices\1\TrafficLight\build\libraries\Adafruit_GFX_Library\Adafruit_GrayOLED.cpp.o (symbol from plugin)
Adafruit_GFX::drawFastVLine(short, short, short, unsigned short) D:\4_kurs_sem1\CyberPhysics\practices\1\TrafficLight\build\libraries\Adafruit_GFX_Library\Adafruit_GFX.cpp.o (symbol from plugin)
                                                  D:\4_kurs_sem1\CyberPhysics\practices\1\TrafficLight\build\libraries\Adafruit_GFX_Library\Adafruit_GrayOLED.cpp.o (symbol from plugin)
Adafruit_GFX::drawGrayscaleBitmap(short, short, unsigned char const*, short, short) D:\4_kurs_sem1\CyberPhysics\practices\1\TrafficLight\build\libraries\Adafruit_GFX_Library\Adafruit_GFX.cpp.o (symbol from plugin)
Adafruit_GFX::drawGrayscaleBitmap(short, short, unsigned char const*, unsigned char const*, short, short) D:\4_kurs_sem1\CyberPhysics\practices\1\TrafficLight\build\libraries\Adafruit_GFX_Library\Adafruit_GFX.cpp.o (symbol from plugin)
Adafruit_GFX::drawGrayscaleBitmap(short, short, unsigned char*, short, short) D:\4_kurs_sem1\CyberPhysics\practices\1\TrafficLight\build\libraries\Adafruit_GFX_Library\Adafruit_GFX.cpp.o (symbol from plugin)
Adafruit_GFX::drawGrayscaleBitmap(short, short, unsigned char*, unsigned char*, short, short) D:\4_kurs_sem1\CyberPhysics\practices\1\TrafficLight\build\libraries\Adafruit_GFX_Library\Adafruit_GFX.cpp.o (symbol from plugin)
Adafruit_GFX::drawLine(short, short, short, short, unsigned short) D:\4_kurs_sem1\CyberPhysics\practices\1\TrafficLight\build\libraries\Adafruit_GFX_Library\Adafruit_GFX.cpp.o (symbol from plugin)
                                                  D:\4_kurs_sem1\CyberPhysics\practices\1\TrafficLight\build\libraries\Adafruit_ILI9341\Adafruit_ILI9341.cpp.o (symbol from plugin)
                                                  D:\4_kurs_sem1\CyberPhysics\practices\1\TrafficLight\build\libraries\Adafruit_GFX_Library\Adafruit_SPITFT.cpp.o (symbol from plugin)
                                                  D:\4_kurs_sem1\CyberPhysics\practices\1\TrafficLight\build\libraries\Adafruit_GFX_Library\Adafruit_GrayOLED.cpp.o (symbol from plugin)
Adafruit_GFX::drawRGBBitmap(short, short, unsigned short const*, short, short) D:\4_kurs_sem1\CyberPhysics\practices\1\TrafficLight\build\libraries\Adafruit_GFX_Library\Adafruit_GFX.cpp.o (symbol from plugin)
Adafruit_GFX::drawRGBBitmap(short, short, unsigned short const*, unsigned char const*, short, short) D:\4_kurs_sem1\CyberPhysics\practices\1\TrafficLight\build\libraries\Adafruit_GFX_Library\Adafruit_GFX.cpp.o (symbol from plugin)
Adafruit_GFX::drawRGBBitmap(short, short, unsigned short*, short, short) D:\4_kurs_sem1\CyberPhysics\practices\1\TrafficLight\build\libraries\Adafruit_GFX_Library\Adafruit_GFX.cpp.o (symbol from plugin)
Adafruit_GFX::drawRGBBitmap(short, short, unsigned short*, unsigned char*, short, short) D:\4_kurs_sem1\CyberPhysics\practices\1\TrafficLight\build\libraries\Adafruit_GFX_Library\Adafruit_GFX.cpp.o (symbol from plugin)
Adafruit_GFX::drawRect(short, short, short, short, unsigned short) D:\4_kurs_sem1\CyberPhysics\practices\1\TrafficLight\build\libraries\Adafruit_GFX_Library\Adafruit_GFX.cpp.o (symbol from plugin)
                                                  D:\4_kurs_sem1\CyberPhysics\practices\1\TrafficLight\build\libraries\Adafruit_ILI9341\Adafruit_ILI9341.cpp.o (symbol from plugin)
                                                  D:\4_kurs_sem1\CyberPhysics\practices\1\TrafficLight\build\libraries\Adafruit_GFX_Library\Adafruit_SPITFT.cpp.o (symbol from plugin)
                                                  D:\4_kurs_sem1\CyberPhysics\practices\1\TrafficLight\build\libraries\Adafruit_GFX_Library\Adafruit_GrayOLED.cpp.o (symbol from plugin)
Adafruit_GFX::drawRoundRect(short, short, short, short, short, unsigned short) D:\4_kurs_sem1\CyberPhysics\practices\1\TrafficLight\build\libraries\Adafruit_GFX_Library\Adafruit_GFX.cpp.o (symbol from plugin)
Adafruit_GFX::drawTriangle(short, short, short, short, short, short, unsigned short) D:\4_kurs_sem1\CyberPhysics\practices\1\TrafficLight\build\libraries\Adafruit_GFX_Library\Adafruit_GFX.cpp.o (symbol from plugin)
Adafruit_GFX::drawXBitmap(short, short, unsigned char const*, short, short, unsigned short) D:\4_kurs_sem1\CyberPhysics\practices\1\TrafficLight\build\libraries\Adafruit_GFX_Library\Adafruit_GFX.cpp.o (symbol from plugin)
Adafruit_GFX::endWrite()                          D:\4_kurs_sem1\CyberPhysics\practices\1\TrafficLight\build\libraries\Adafruit_GFX_Library\Adafruit_GFX.cpp.o (symbol from plugin)
                                                  D:\4_kurs_sem1\CyberPhysics\practices\1\TrafficLight\build\libraries\Adafruit_GFX_Library\Adafruit_GrayOLED.cpp.o (symbol from plugin)
Adafruit_GFX::fillCircle(short, short, short, unsigned short) D:\4_kurs_sem1\CyberPhysics\practices\1\TrafficLight\build\libraries\Adafruit_GFX_Library\Adafruit_GFX.cpp.o (symbol from plugin)
Adafruit_GFX::fillCircleHelper(short, short, short, unsigned char, short, unsigned short) D:\4_kurs_sem1\CyberPhysics\practices\1\TrafficLight\build\libraries\Adafruit_GFX_Library\Adafruit_GFX.cpp.o (symbol from plugin)
Adafruit_GFX::fillRect(short, short, short, short, unsigned short) D:\4_kurs_sem1\CyberPhysics\practices\1\TrafficLight\build\libraries\Adafruit_GFX_Library\Adafruit_GFX.cpp.o (symbol from plugin)
                                                  D:\4_kurs_sem1\CyberPhysics\practices\1\TrafficLight\build\libraries\Adafruit_GFX_Library\Adafruit_GrayOLED.cpp.o (symbol from plugin)
Adafruit_GFX::fillRoundRect(short, short, short, short, short, unsigned short) D:\4_kurs_sem1\CyberPhysics\practices\1\TrafficLight\build\libraries\Adafruit_GFX_Library\Adafruit_GFX.cpp.o (symbol from plugin)
Adafruit_GFX::fillScreen(unsigned short)          D:\4_kurs_sem1\CyberPhysics\practices\1\TrafficLight\build\libraries\Adafruit_GFX_Library\Adafruit_GFX.cpp.o (symbol from plugin)
                                                  D:\4_kurs_sem1\CyberPhysics\practices\1\TrafficLight\build\libraries\Adafruit_ILI9341\Adafruit_ILI9341.cpp.o (symbol from plugin)
                                                  D:\4_kurs_sem1\CyberPhysics\practices\1\TrafficLight\build\libraries\Adafruit_GFX_Library\Adafruit_SPITFT.cpp.o (symbol from plugin)
                                                  D:\4_kurs_sem1\CyberPhysics\practices\1\TrafficLight\build\libraries\Adafruit_GFX_Library\Adafruit_GrayOLED.cpp.o (symbol from plugin)
Adafruit_GFX::fillTriangle(short, short, short, short, short, short, unsigned short) D:\4_kurs_sem1\CyberPhysics\practices\1\TrafficLight\build\libraries\Adafruit_GFX_Library\Adafruit_GFX.cpp.o (symbol from plugin)
Adafruit_GFX::getTextBounds(String const&, short, short, short*, short*, unsigned short*, unsigned short*) D:\4_kurs_sem1\CyberPhysics\practices\1\TrafficLight\build\libraries\Adafruit_GFX_Library\Adafruit_GFX.cpp.o (symbol from plugin)
Adafruit_GFX::getTextBounds(__FlashStringHelper const*, short, short, short*, short*, unsigned short*, unsigned short*) D:\4_kurs_sem1\CyberPhysics\practices\1\TrafficLight\build\libraries\Adafruit_GFX_Library\Adafruit_GFX.cpp.o (symbol from plugin)
Adafruit_GFX::getTextBounds(char const*, short, short, short*, short*, unsigned short*, unsigned short*) D:\4_kurs_sem1\CyberPhysics\practices\1\TrafficLight\build\libraries\Adafruit_GFX_Library\Adafruit_GFX.cpp.o (symbol from plugin)
Adafruit_GFX::invertDisplay(bool)                 D:\4_kurs_sem1\CyberPhysics\practices\1\TrafficLight\build\libraries\Adafruit_GFX_Library\Adafruit_GFX.cpp.o (symbol from plugin)
Adafruit_GFX::setFont(GFXfont const*)             D:\4_kurs_sem1\CyberPhysics\practices\1\TrafficLight\build\libraries\Adafruit_GFX_Library\Adafruit_GFX.cpp.o (symbol from plugin)
Adafruit_GFX::setRotation(unsigned char)          D:\4_kurs_sem1\CyberPhysics\practices\1\TrafficLight\build\libraries\Adafruit_GFX_Library\Adafruit_GFX.cpp.o (symbol from plugin)
                                                  D:\4_kurs_sem1\CyberPhysics\practices\1\TrafficLight\build\libraries\Adafruit_GFX_Library\Adafruit_SPITFT.cpp.o (symbol from plugin)
                                                  D:\4_kurs_sem1\CyberPhysics\practices\1\TrafficLight\build\libraries\Adafruit_GFX_Library\Adafruit_GrayOLED.cpp.o (symbol from plugin)
Adafruit_GFX::setTextSize(unsigned char)          D:\4_kurs_sem1\CyberPhysics\practices\1\TrafficLight\build\libraries\Adafruit_GFX_Library\Adafruit_GFX.cpp.o (symbol from plugin)
Adafruit_GFX::setTextSize(unsigned char, unsigned char) D:\4_kurs_sem1\CyberPhysics\practices\1\TrafficLight\build\libraries\Adafruit_GFX_Library\Adafruit_GFX.cpp.o (symbol from plugin)
Adafruit_GFX::startWrite()                        D:\4_kurs_sem1\CyberPhysics\practices\1\TrafficLight\build\libraries\Adafruit_GFX_Library\Adafruit_GFX.cpp.o (symbol from plugin)
                                                  D:\4_kurs_sem1\CyberPhysics\practices\1\TrafficLight\build\libraries\Adafruit_GFX_Library\Adafruit_GrayOLED.cpp.o (symbol from plugin)
Adafruit_GFX::write(unsigned char)                D:\4_kurs_sem1\CyberPhysics\practices\1\TrafficLight\build\libraries\Adafruit_GFX_Library\Adafruit_GFX.cpp.o (symbol from plugin)
                                                  D:\4_kurs_sem1\CyberPhysics\practices\1\TrafficLight\build\libraries\Adafruit_ILI9341\Adafruit_ILI9341.cpp.o (symbol from plugin)
                                                  D:\4_kurs_sem1\CyberPhysics\practices\1\TrafficLight\build\libraries\Adafruit_GFX_Library\Adafruit_SPITFT.cpp.o (symbol from plugin)
                                                  D:\4_kurs_sem1\CyberPhysics\practices\1\TrafficLight\build\libraries\Adafruit_GFX_Library\Adafruit_GrayOLED.cpp.o (symbol from plugin)
Adafruit_GFX::writeFastHLine(short, short, short, unsigned short) D:\4_kurs_sem1\CyberPhysics\practices\1\TrafficLight\build\libraries\Adafruit_GFX_Library\Adafruit_GFX.cpp.o (symbol from plugin)
                                                  D:\4_kurs_sem1\CyberPhysics\practices\1\TrafficLight\build\libraries\Adafruit_GFX_Library\Adafruit_GrayOLED.cpp.o (symbol from plugin)
Adafruit_GFX::writeFastVLine(short, short, short, unsigned short) D:\4_kurs_sem1\CyberPhysics\practices\1\TrafficLight\build\libraries\Adafruit_GFX_Library\Adafruit_GFX.cpp.o (symbol from plugin)
                                                  D:\4_kurs_sem1\CyberPhysics\practices\1\TrafficLight\build\libraries\Adafruit_GFX_Library\Adafruit_GrayOLED.cpp.o (symbol from plugin)
Adafruit_GFX::writeFillRect(short, short, short, short, unsigned short) D:\4_kurs_sem1\CyberPhysics\practices\1\TrafficLight\build\libraries\Adafruit_GFX_Library\Adafruit_GFX.cpp.o (symbol from plugin)
                                                  D:\4_kurs_sem1\CyberPhysics\practices\1\TrafficLight\build\libraries\Adafruit_GFX_Library\Adafruit_GrayOLED.cpp.o (symbol from plugin)
Adafruit_GFX::writeLine(short, short, short, short, unsigned short) D:\4_kurs_sem1\CyberPhysics\practices\1\TrafficLight\build\libraries\Adafruit_GFX_Library\Adafruit_GFX.cpp.o (symbol from plugin)
                                                  D:\4_kurs_sem1\CyberPhysics\practices\1\TrafficLight\build\libraries\Adafruit_ILI9341\Adafruit_ILI9341.cpp.o (symbol from plugin)
                                                  D:\4_kurs_sem1\CyberPhysics\practices\1\TrafficLight\build\libraries\Adafruit_GFX_Library\Adafruit_SPITFT.cpp.o (symbol from plugin)
                                                  D:\4_kurs_sem1\CyberPhysics\practices\1\TrafficLight\build\libraries\Adafruit_GFX_Library\Adafruit_GrayOLED.cpp.o (symbol from plugin)
Adafruit_GFX::writePixel(short, short, unsigned short) D:\4_kurs_sem1\CyberPhysics\practices\1\TrafficLight\build\libraries\Adafruit_GFX_Library\Adafruit_GFX.cpp.o (symbol from plugin)
                                                  D:\4_kurs_sem1\CyberPhysics\practices\1\TrafficLight\build\libraries\Adafruit_GFX_Library\Adafruit_GrayOLED.cpp.o (symbol from plugin)
Adafruit_GFX_Button::Adafruit_GFX_Button()        D:\4_kurs_sem1\CyberPhysics\practices\1\TrafficLight\build\libraries\Adafruit_GFX_Library\Adafruit_GFX.cpp.o (symbol from plugin)
Adafruit_GFX_Button::Adafruit_GFX_Button()        D:\4_kurs_sem1\CyberPhysics\practices\1\TrafficLight\build\libraries\Adafruit_GFX_Library\Adafruit_GFX.cpp.o (symbol from plugin)
Adafruit_GFX_Button::contains(short, short)       D:\4_kurs_sem1\CyberPhysics\practices\1\TrafficLight\build\libraries\Adafruit_GFX_Library\Adafruit_GFX.cpp.o (symbol from plugin)
Adafruit_GFX_Button::drawButton(bool)             D:\4_kurs_sem1\CyberPhysics\practices\1\TrafficLight\build\libraries\Adafruit_GFX_Library\Adafruit_GFX.cpp.o (symbol from plugin)
Adafruit_GFX_Button::initButton(Adafruit_GFX*, short, short, unsigned short, unsigned short, unsigned short, unsigned short, unsigned short, char*, unsigned char) D:\4_kurs_sem1\CyberPhysics\practices\1\TrafficLight\build\libraries\Adafruit_GFX_Library\Adafruit_GFX.cpp.o (symbol from plugin)
Adafruit_GFX_Button::initButton(Adafruit_GFX*, short, short, unsigned short, unsigned short, unsigned short, unsigned short, unsigned short, char*, unsigned char, unsigned char) D:\4_kurs_sem1\CyberPhysics\practices\1\TrafficLight\build\libraries\Adafruit_GFX_Library\Adafruit_GFX.cpp.o (symbol from plugin)
Adafruit_GFX_Button::initButtonUL(Adafruit_GFX*, short, short, unsigned short, unsigned short, unsigned short, unsigned short, unsigned short, char*, unsigned char) D:\4_kurs_sem1\CyberPhysics\practices\1\TrafficLight\build\libraries\Adafruit_GFX_Library\Adafruit_GFX.cpp.o (symbol from plugin)
Adafruit_GFX_Button::initButtonUL(Adafruit_GFX*, short, short, unsigned short, unsigned short, unsigned short, unsigned short, unsigned short, char*, unsigned char, unsigned char) D:\4_kurs_sem1\CyberPhysics\practices\1\TrafficLight\build\libraries\Adafruit_GFX_Library\Adafruit_GFX.cpp.o (symbol from plugin)
Adafruit_GFX_Button::justPressed()                D:\4_kurs_sem1\CyberPhysics\practices\1\TrafficLight\build\libraries\Adafruit_GFX_Library\Adafruit_GFX.cpp.o (symbol from plugin)
Adafruit_GFX_Button::justReleased()               D:\4_kurs_sem1\CyberPhysics\practices\1\TrafficLight\build\libraries\Adafruit_GFX_Library\Adafruit_GFX.cpp.o (symbol from plugin)
Adafruit_GenericDevice::Adafruit_GenericDevice(void*, bool (*)(void*, unsigned char*, unsigned int), bool (*)(void*, unsigned char const*, unsigned int), bool (*)(void*, unsigned char*, unsigned char, unsigned char*, unsigned short), bool (*)(void*, unsigned char*, unsigned char, unsigned char const*, unsigned short)) D:\4_kurs_sem1\CyberPhysics\practices\1\TrafficLight\build\libraries\Adafruit_BusIO\Adafruit_GenericDevice.cpp.o (symbol from plugin)
Adafruit_GenericDevice::Adafruit_GenericDevice(void*, bool (*)(void*, unsigned char*, unsigned int), bool (*)(void*, unsigned char const*, unsigned int), bool (*)(void*, unsigned char*, unsigned char, unsigned char*, unsigned short), bool (*)(void*, unsigned char*, unsigned char, unsigned char const*, unsigned short)) D:\4_kurs_sem1\CyberPhysics\practices\1\TrafficLight\build\libraries\Adafruit_BusIO\Adafruit_GenericDevice.cpp.o (symbol from plugin)
Adafruit_GenericDevice::begin()                   D:\4_kurs_sem1\CyberPhysics\practices\1\TrafficLight\build\libraries\Adafruit_BusIO\Adafruit_GenericDevice.cpp.o (symbol from plugin)
Adafruit_GenericDevice::end()                     D:\4_kurs_sem1\CyberPhysics\practices\1\TrafficLight\build\libraries\Adafruit_BusIO\Adafruit_GenericDevice.cpp.o (symbol from plugin)
Adafruit_GenericDevice::read(unsigned char*, unsigned int) D:\4_kurs_sem1\CyberPhysics\practices\1\TrafficLight\build\libraries\Adafruit_BusIO\Adafruit_GenericDevice.cpp.o (symbol from plugin)
Adafruit_GenericDevice::readRegister(unsigned char*, unsigned char, unsigned char*, unsigned short) D:\4_kurs_sem1\CyberPhysics\practices\1\TrafficLight\build\libraries\Adafruit_BusIO\Adafruit_GenericDevice.cpp.o (symbol from plugin)
                                                  D:\4_kurs_sem1\CyberPhysics\practices\1\TrafficLight\build\libraries\Adafruit_BusIO\Adafruit_BusIO_Register.cpp.o (symbol from plugin)
Adafruit_GenericDevice::write(unsigned char const*, unsigned int) D:\4_kurs_sem1\CyberPhysics\practices\1\TrafficLight\build\libraries\Adafruit_BusIO\Adafruit_GenericDevice.cpp.o (symbol from plugin)
Adafruit_GenericDevice::writeRegister(unsigned char*, unsigned char, unsigned char const*, unsigned short) D:\4_kurs_sem1\CyberPhysics\practices\1\TrafficLight\build\libraries\Adafruit_BusIO\Adafruit_GenericDevice.cpp.o (symbol from plugin)
                                                  D:\4_kurs_sem1\CyberPhysics\practices\1\TrafficLight\build\libraries\Adafruit_BusIO\Adafruit_BusIO_Register.cpp.o (symbol from plugin)
Adafruit_GrayOLED::Adafruit_GrayOLED(unsigned char, unsigned short, unsigned short, SPIClass*, short, short, short, unsigned long) D:\4_kurs_sem1\CyberPhysics\practices\1\TrafficLight\build\libraries\Adafruit_GFX_Library\Adafruit_GrayOLED.cpp.o (symbol from plugin)
Adafruit_GrayOLED::Adafruit_GrayOLED(unsigned char, unsigned short, unsigned short, SPIClass*, short, short, short, unsigned long) D:\4_kurs_sem1\CyberPhysics\practices\1\TrafficLight\build\libraries\Adafruit_GFX_Library\Adafruit_GrayOLED.cpp.o (symbol from plugin)
Adafruit_GrayOLED::Adafruit_GrayOLED(unsigned char, unsigned short, unsigned short, TwoWire*, short, unsigned long, unsigned long) D:\4_kurs_sem1\CyberPhysics\practices\1\TrafficLight\build\libraries\Adafruit_GFX_Library\Adafruit_GrayOLED.cpp.o (symbol from plugin)
Adafruit_GrayOLED::Adafruit_GrayOLED(unsigned char, unsigned short, unsigned short, TwoWire*, short, unsigned long, unsigned long) D:\4_kurs_sem1\CyberPhysics\practices\1\TrafficLight\build\libraries\Adafruit_GFX_Library\Adafruit_GrayOLED.cpp.o (symbol from plugin)
Adafruit_GrayOLED::Adafruit_GrayOLED(unsigned char, unsigned short, unsigned short, short, short, short, short, short) D:\4_kurs_sem1\CyberPhysics\practices\1\TrafficLight\build\libraries\Adafruit_GFX_Library\Adafruit_GrayOLED.cpp.o (symbol from plugin)
Adafruit_GrayOLED::Adafruit_GrayOLED(unsigned char, unsigned short, unsigned short, short, short, short, short, short) D:\4_kurs_sem1\CyberPhysics\practices\1\TrafficLight\build\libraries\Adafruit_GFX_Library\Adafruit_GrayOLED.cpp.o (symbol from plugin)